Archive member included to satisfy reference by file (symbol)

C:/devkitPro/libctru/lib\libcitro2d.a(base.o)
                              main.o (C2D_Init)
C:/devkitPro/libctru/lib\libcitro2d.a(render2d.shbin.o)
                              C:/devkitPro/libctru/lib\libcitro2d.a(base.o) (render2d_shbin)
C:/devkitPro/libctru/lib\libcitro3d.a(base.o)
                              main.o (C3D_Init)
C:/devkitPro/libctru/lib\libcitro3d.a(renderqueue.o)
                              C:/devkitPro/libctru/lib\libcitro3d.a(base.o) (C3Di_RenderQueueEnableVBlank)
C:/devkitPro/libctru/lib\libcitro3d.a(texture.o)
                              C:/devkitPro/libctru/lib\libcitro2d.a(base.o) (C3D_TexBind)
C:/devkitPro/libctru/lib\libcitro3d.a(framebuffer.o)
                              C:/devkitPro/libctru/lib\libcitro3d.a(renderqueue.o) (C3D_CalcColorBufSize)
C:/devkitPro/libctru/lib\libcitro3d.a(texenv.o)
                              C:/devkitPro/libctru/lib\libcitro2d.a(base.o) (C3D_GetTexEnv)
C:/devkitPro/libctru/lib\libcitro3d.a(drawElements.o)
                              C:/devkitPro/libctru/lib\libcitro2d.a(base.o) (C3D_DrawElements)
C:/devkitPro/libctru/lib\libcitro3d.a(proctex.o)
                              C:/devkitPro/libctru/lib\libcitro2d.a(base.o) (C3D_ProcTexInit)
C:/devkitPro/libctru/lib\libcitro3d.a(buffers.o)
                              C:/devkitPro/libctru/lib\libcitro2d.a(base.o) (BufInfo_Init)
C:/devkitPro/libctru/lib\libcitro3d.a(effect.o)
                              C:/devkitPro/libctru/lib\libcitro3d.a(base.o) (C3D_DepthMap)
C:/devkitPro/libctru/lib\libcitro3d.a(attribs.o)
                              C:/devkitPro/libctru/lib\libcitro2d.a(base.o) (AttrInfo_Init)
C:/devkitPro/libctru/lib\libcitro3d.a(immediate.o)
                              C:/devkitPro/libctru/lib\libcitro3d.a(base.o) (C3D_ImmSendAttrib)
C:/devkitPro/libctru/lib\libcitro3d.a(uniforms.o)
                              C:/devkitPro/libctru/lib\libcitro3d.a(base.o) (C3D_UpdateUniforms)
C:/devkitPro/libctru/lib\libcitro3d.a(mtx_ortho.o)
                              C:/devkitPro/libctru/lib\libcitro2d.a(base.o) (Mtx_Ortho)
C:/devkitPro/libctru/lib\libcitro3d.a(mtx_scale.o)
                              C:/devkitPro/libctru/lib\libcitro2d.a(base.o) (Mtx_Scale)
C:/devkitPro/libctru/lib\libcitro3d.a(mtx_multiply.o)
                              C:/devkitPro/libctru/lib\libcitro2d.a(base.o) (Mtx_Multiply)
C:/devkitPro/libctru/lib\libcitro3d.a(mtx_orthotilt.o)
                              C:/devkitPro/libctru/lib\libcitro2d.a(base.o) (Mtx_OrthoTilt)
C:/devkitPro/libctru/lib\libcitro3d.a(mtx_translate.o)
                              C:/devkitPro/libctru/lib\libcitro2d.a(base.o) (Mtx_Translate)
C:/devkitPro/libctru/lib\libcitro3d.a(mtx_rotatez.o)
                              C:/devkitPro/libctru/lib\libcitro2d.a(base.o) (Mtx_RotateZ)
C:/devkitPro/libctru/lib\libctru.a(vram.o)
                              C:/devkitPro/libctru/lib\libcitro3d.a(renderqueue.o) (vramAlloc)
C:/devkitPro/libctru/lib\libctru.a(linear.o)
                              C:/devkitPro/libctru/lib\libcitro2d.a(base.o) (linearAlloc)
C:/devkitPro/libctru/lib\libctru.a(mem_pool.o)
                              C:/devkitPro/libctru/lib\libctru.a(vram.o) (MemPool::Allocate(MemChunk&, unsigned long, int))
C:/devkitPro/libctru/lib\libctru.a(os.o)
                              C:/devkitPro/libctru/lib\libcitro3d.a(texture.o) (osConvertVirtToPhys)
C:/devkitPro/libctru/lib\libctru.a(console.o)
                              main.o (consoleInit)
C:/devkitPro/libctru/lib\libctru.a(gfx.o)
                              C:/devkitPro/libctru/lib\libcitro2d.a(base.o) (gfxIsWide)
C:/devkitPro/libctru/lib\libctru.a(shaderProgram.o)
                              C:/devkitPro/libctru/lib\libcitro2d.a(base.o) (shaderInstanceGetUniformLocation)
C:/devkitPro/libctru/lib\libctru.a(shbin.o)
                              C:/devkitPro/libctru/lib\libcitro2d.a(base.o) (DVLB_ParseFile)
C:/devkitPro/libctru/lib\libctru.a(gx.o)
                              C:/devkitPro/libctru/lib\libcitro3d.a(renderqueue.o) (GX_BindQueue)
C:/devkitPro/libctru/lib\libctru.a(gxqueue.o)
                              C:/devkitPro/libctru/lib\libcitro3d.a(renderqueue.o) (gxCmdQueueClear)
C:/devkitPro/libctru/lib\libctru.a(gpu.o)
                              C:/devkitPro/libctru/lib\libcitro3d.a(base.o) (gpuCmdBufOffset)
C:/devkitPro/libctru/lib\libctru.a(gspgpu.o)
                              C:/devkitPro/libctru/lib\libctru.a(gfx.o) (gspInit)
C:/devkitPro/libctru/lib\libctru.a(apt.o)
                              C:/devkitPro/libctru/lib\libcitro3d.a(base.o) (aptHook)
C:/devkitPro/libctru/lib\libctru.a(hid.o)
                              main.o (hidScanInput)
C:/devkitPro/libctru/lib\libctru.a(ptmsysm.o)
                              C:/devkitPro/libctru/lib\libctru.a(os.o) (ptmSysmInit)
C:/devkitPro/libctru/lib\libctru.a(rbtree_init.o)
[...]
Memory Configuration

Name             Origin             Length             Attributes
*default*        0x0000000000000000 0xffffffffffffffff

Linker script and memory map

                0x0000000000100000                PROVIDE (__start__ = 0x100000)
                0x0000000000100000                . = __start__

.text           0x0000000000100000    0x264c0
 *(.crt0)
 .crt0          0x0000000000100000       0x94 c:/devkitpro/devkitarm/bin/../lib/gcc/arm-none-eabi/12.1.0/../../../../arm-none-eabi/lib/armv6k/fpu/3dsx_crt0.o
                0x0000000000100000                _start
                0x0000000000100008                __service_ptr
                0x000000000010000c                __apt_appid
                0x0000000000100010                __heap_size
                0x0000000000100014                __linear_heap_size
                0x0000000000100018                __system_arglist
                0x000000000010001c                __system_runflags
 *(.init)
 .init          0x0000000000100094        0xc c:/devkitpro/devkitarm/bin/../lib/gcc/arm-none-eabi/12.1.0/armv6k/fpu/crti.o
                0x0000000000100094                _init
 .init          0x00000000001000a0        0xc c:/devkitpro/devkitarm/bin/../lib/gcc/arm-none-eabi/12.1.0/armv6k/fpu/crtn.o
                0x00000000001000ac                . = ALIGN (0x4)
 *(.text)
 .text          0x00000000001000ac      0x240 c:/devkitpro/devkitarm/bin/../lib/gcc/arm-none-eabi/12.1.0/armv6k/fpu\libgcc.a(_divsi3.o)
                0x00000000001000ac                __divsi3
                0x00000000001000ac                __aeabi_idiv
                0x00000000001002cc                __aeabi_idivmod
 .text          0x00000000001002ec        0x4 c:/devkitpro/devkitarm/bin/../lib/gcc/arm-none-eabi/12.1.0/armv6k/fpu\libgcc.a(_dvmd_tls.o)
                0x00000000001002ec                __aeabi_idiv0
                0x00000000001002ec                __aeabi_ldiv0
 .text          0x00000000001002f0      0x3c0 c:/devkitpro/devkitarm/bin/../lib/gcc/arm-none-eabi/12.1.0/armv6k/fpu\libgcc.a(_arm_addsubdf3.o)
                0x00000000001002f0                __aeabi_drsub
                0x00000000001002f8                __aeabi_dsub
                0x00000000001002f8                __subdf3
                0x00000000001002fc                __aeabi_dadd
                0x00000000001002fc                __adddf3
                0x00000000001005a8                __floatunsidf
                0x00000000001005a8                __aeabi_ui2d
                0x00000000001005cc                __floatsidf
                0x00000000001005cc                __aeabi_i2d
                0x00000000001005f4                __aeabi_f2d
                0x00000000001005f4                __extendsfdf2
                0x000000000010063c                __floatundidf
                0x000000000010063c                __aeabi_ul2d
                0x0000000000100650                __floatdidf
                0x0000000000100650                __aeabi_l2d
 .text          0x00000000001006b0       0x3c c:/devkitpro/devkitarm/bin/../lib/gcc/arm-none-eabi/12.1.0/armv6k/fpu\libgcc.a(_aeabi_uldivmod.o)
                0x00000000001006b0                __aeabi_uldivmod
 *fill*         0x00000000001006ec       0x14 
 .text          0x0000000000100700      0x390 c:/devkitpro/devkitarm/bin/../lib/gcc/arm-none-eabi/12.1.0/../../../../arm-none-eabi/lib/armv6k/fpu\libg.a(lib_a-strcmp.o)
                0x0000000000100708                strcmp
 .text          0x0000000000100a90      0x20c c:/devkitpro/devkitarm/bin/../lib/gcc/arm-none-eabi/12.1.0/armv6k/fpu\libgcc.a(_udivsi3.o)
                0x0000000000100a90                __aeabi_uidiv
                0x0000000000100a90                __udivsi3
                0x0000000000100c7c                __aeabi_uidivmod
 *(.text.*)
 .text.__do_global_dtors_aux
                0x0000000000100c9c       0x40 c:/devkitpro/devkitarm/bin/../lib/gcc/arm-none-eabi/12.1.0/armv6k/fpu/crtbegin.o
 .text.frame_dummy
                0x0000000000100cdc       0x2c c:/devkitpro/devkitarm/bin/../lib/gcc/arm-none-eabi/12.1.0/armv6k/fpu/crtbegin.o
 .text.createHead
                0x0000000000100d08       0x3c main.o
                0x0000000000100d08                createHead
 .text.updateSnakeMoveDir
                0x0000000000100d44       0x64 main.o
                0x0000000000100d44                updateSnakeMoveDir
 .text.moveSnake
                0x0000000000100da8       0xa8 main.o
                0x0000000000100da8                moveSnake
 .text.deallocSnake
                0x0000000000100e50       0x60 main.o
                0x0000000000100e50                deallocSnake
 .text.initGrid
                0x0000000000100eb0       0x44 main.o
                0x0000000000100eb0                initGrid
 .text.deallocGrid
                0x0000000000100ef4       0x34 main.o
                0x0000000000100ef4                deallocGrid
 .text.startup.main
                0x0000000000100f28      0x3e0 main.o
                0x0000000000100f28                main
 .text.C2Di_FrameEndHook
                0x0000000000101308       0x44 C:/devkitPro/libctru/lib\libcitro2d.a(base.o)
 *fill*         0x000000000010134c        0x4 
 .text.C2D_Init
                0x0000000000101350      0x36c C:/devkitPro/libctru/lib\libcitro2d.a(base.o)
                0x0000000000101350                C2D_Init
 .text.C2D_Fini
                0x00000000001016bc       0x4c C:/devkitPro/libctru/lib\libcitro2d.a(base.o)
                0x00000000001016bc                C2D_Fini
 .text.C2D_Prepare
                0x0000000000101708       0xb8 C:/devkitPro/libctru/lib\libcitro2d.a(base.o)
                0x0000000000101708                C2D_Prepare
 .text.C2D_Flush
                0x00000000001017c0       0x48 C:/devkitPro/libctru/lib\libcitro2d.a(base.o)
                0x00000000001017c0                C2D_Flush
 .text.C2D_SceneSize
                0x0000000000101808      0x104 C:/devkitPro/libctru/lib\libcitro2d.a(base.o)
                0x0000000000101808                C2D_SceneSize
 .text.C2D_CreateScreenTarget
                0x000000000010190c       0x58 C:/devkitPro/libctru/lib\libcitro2d.a(base.o)
                0x000000000010190c                C2D_CreateScreenTarget
 .text.C2D_TargetClear
                0x0000000000101964       0x64 C:/devkitPro/libctru/lib\libcitro2d.a(base.o)
                0x0000000000101964                C2D_TargetClear
 .text.C2Di_AppendQuad
                0x00000000001019c8       0x58 C:/devkitPro/libctru/lib\libcitro2d.a(base.o)
                0x00000000001019c8                C2Di_AppendQuad
 .text.C2Di_Update
                0x0000000000101a20      0x550 C:/devkitPro/libctru/lib\libcitro2d.a(base.o)
                0x0000000000101a20                C2Di_Update
 .text.C2D_DrawRectangle
                0x0000000000101f70      0x158 C:/devkitPro/libctru/lib\libcitro2d.a(base.o)
                0x0000000000101f70                C2D_DrawRectangle
 .text.C3Di_LightEnvUpdate
                0x00000000001020c8        0x4 C:/devkitPro/libctru/lib\libcitro3d.a(base.o)
                0x00000000001020c8                C3Di_LightEnvUpdate
 .text.C3Di_LightEnvDirty
                0x00000000001020cc        0x4 C:/devkitPro/libctru/lib\libcitro3d.a(base.o)
                0x00000000001020cc                C3Di_LightEnvDirty
 .text.C3Di_AptEventHook
                0x00000000001020d0       0xb4 C:/devkitPro/libctru/lib\libcitro3d.a(base.o)
 .text.C3Di_GasUpdate
                0x0000000000102184        0x4 C:/devkitPro/libctru/lib\libcitro3d.a(base.o)
                0x0000000000102184                C3Di_GasUpdate
 .text.C3D_Init
                0x0000000000102188      0x1e0 C:/devkitPro/libctru/lib\libcitro3d.a(base.o)
                0x0000000000102188                C3D_Init
 .text.C3D_SetViewport
                0x0000000000102368       0x98 C:/devkitPro/libctru/lib\libcitro3d.a(base.o)
                0x0000000000102368                C3D_SetViewport
 .text.C3Di_UpdateContext
                0x0000000000102400      0x4e8 C:/devkitPro/libctru/lib\libcitro3d.a(base.o)
                0x0000000000102400                C3Di_UpdateContext
 .text.C3Di_SplitFrame
                0x00000000001028e8       0xe0 C:/devkitPro/libctru/lib\libcitro3d.a(base.o)
                0x00000000001028e8                C3Di_SplitFrame
 .text.C3D_GetCmdBufUsage
                0x00000000001029c8       0x10 C:/devkitPro/libctru/lib\libcitro3d.a(base.o)
                0x00000000001029c8                C3D_GetCmdBufUsage
 .text.C3D_Fini
                0x00000000001029d8       0x44 C:/devkitPro/libctru/lib\libcitro3d.a(base.o)
                0x00000000001029d8                C3D_Fini
 .text.C3D_BindProgram
                0x0000000000102a1c      0x114 C:/devkitPro/libctru/lib\libcitro3d.a(base.o)
                0x0000000000102a1c                C3D_BindProgram
 .text.onVBlank0
                0x0000000000102b30       0x4c C:/devkitPro/libctru/lib\libcitro3d.a(renderqueue.o)
 .text.onVBlank1
                0x0000000000102b7c       0x4c C:/devkitPro/libctru/lib\libcitro3d.a(renderqueue.o)
 .text.C3Di_RenderTargetDestroy
                0x0000000000102bc8       0x80 C:/devkitPro/libctru/lib\libcitro3d.a(renderqueue.o)
 .text.onQueueFinish
                0x0000000000102c48       0xf4 C:/devkitPro/libctru/lib\libcitro3d.a(renderqueue.o)
 .text.C3Di_RenderQueueEnableVBlank
                0x0000000000102d3c       0x38 C:/devkitPro/libctru/lib\libcitro3d.a(renderqueue.o)
                0x0000000000102d3c                C3Di_RenderQueueEnableVBlank
 .text.C3Di_RenderQueueDisableVBlank
                0x0000000000102d74       0x30 C:/devkitPro/libctru/lib\libcitro3d.a(renderqueue.o)
                0x0000000000102d74                C3Di_RenderQueueDisableVBlank
 .text.C3Di_RenderQueueInit
                0x0000000000102da4       0x60 C:/devkitPro/libctru/lib\libcitro3d.a(renderqueue.o)
                0x0000000000102da4                C3Di_RenderQueueInit
 .text.C3Di_RenderQueueExit
                0x0000000000102e04       0xb0 C:/devkitPro/libctru/lib\libcitro3d.a(renderqueue.o)
                0x0000000000102e04                C3Di_RenderQueueExit
 .text.C3Di_RenderQueueWaitDone
                0x0000000000102eb4       0x34 C:/devkitPro/libctru/lib\libcitro3d.a(renderqueue.o)
                0x0000000000102eb4                C3Di_RenderQueueWaitDone
 .text.C3D_FrameBegin
                0x0000000000102ee8       0xe4 C:/devkitPro/libctru/lib\libcitro3d.a(renderqueue.o)
                0x0000000000102ee8                C3D_FrameBegin
 .text.C3D_FrameDrawOn
                0x0000000000102fcc       0x48 C:/devkitPro/libctru/lib\libcitro3d.a(renderqueue.o)
                0x0000000000102fcc                C3D_FrameDrawOn
 .text.C3D_FrameSplit
                0x0000000000103014       0x58 C:/devkitPro/libctru/lib\libcitro3d.a(renderqueue.o)
                0x0000000000103014                C3D_FrameSplit
 .text.C3D_FrameEnd
                0x000000000010306c      0x1d8 C:/devkitPro/libctru/lib\libcitro3d.a(renderqueue.o)
                0x000000000010306c                C3D_FrameEnd
 .text.C3D_FrameEndHook
                0x0000000000103244       0x1c C:/devkitPro/libctru/lib\libcitro3d.a(renderqueue.o)
                0x0000000000103244                C3D_FrameEndHook
 .text.C3D_GetDrawingTime
                0x0000000000103260       0x18 C:/devkitPro/libctru/lib\libcitro3d.a(renderqueue.o)
                0x0000000000103260                C3D_GetDrawingTime
 .text.C3D_GetProcessingTime
                0x0000000000103278       0x18 C:/devkitPro/libctru/lib\libcitro3d.a(renderqueue.o)
                0x0000000000103278                C3D_GetProcessingTime
 .text.C3D_RenderTargetCreate
                0x0000000000103290      0x184 C:/devkitPro/libctru/lib\libcitro3d.a(renderqueue.o)
                0x0000000000103290                C3D_RenderTargetCreate
 .text.C3D_RenderTargetSetOutput
                0x0000000000103414       0xa8 C:/devkitPro/libctru/lib\libcitro3d.a(renderqueue.o)
                0x0000000000103414                C3D_RenderTargetSetOutput
 .text.C3D_TexBind
                0x00000000001034bc       0x44 C:/devkitPro/libctru/lib\libcitro3d.a(texture.o)
                0x00000000001034bc                C3D_TexBind
 .text.C3Di_SetTex
                0x0000000000103500      0x16c C:/devkitPro/libctru/lib\libcitro3d.a(texture.o)
                0x0000000000103500                C3Di_SetTex
 .text.C3D_CalcColorBufSize
                0x000000000010366c       0x1c C:/devkitPro/libctru/lib\libcitro3d.a(framebuffer.o)
                0x000000000010366c                C3D_CalcColorBufSize
 .text.C3D_CalcDepthBufSize
                0x0000000000103688       0x1c C:/devkitPro/libctru/lib\libcitro3d.a(framebuffer.o)
                0x0000000000103688                C3D_CalcDepthBufSize
 .text.C3D_SetFrameBuf
                0x00000000001036a4       0x44 C:/devkitPro/libctru/lib\libcitro3d.a(framebuffer.o)
                0x00000000001036a4                C3D_SetFrameBuf
 .text.C3Di_FrameBufBind
                0x00000000001036e8      0x16c C:/devkitPro/libctru/lib\libcitro3d.a(framebuffer.o)
                0x00000000001036e8                C3Di_FrameBufBind
 .text.C3D_FrameBufClear
                0x0000000000103854       0xc8 C:/devkitPro/libctru/lib\libcitro3d.a(framebuffer.o)
                0x0000000000103854                C3D_FrameBufClear
 .text.C3D_FrameBufTransfer
                0x000000000010391c       0x44 C:/devkitPro/libctru/lib\libcitro3d.a(framebuffer.o)
                0x000000000010391c                C3D_FrameBufTransfer
 .text.C3D_GetTexEnv
                0x0000000000103960       0x34 C:/devkitPro/libctru/lib\libcitro3d.a(texenv.o)
                0x0000000000103960                C3D_GetTexEnv
 .text.C3Di_TexEnvBind
                0x0000000000103994       0x24 C:/devkitPro/libctru/lib\libcitro3d.a(texenv.o)
                0x0000000000103994                C3Di_TexEnvBind
 .text.C3D_DrawElements
                0x00000000001039b8      0x218 C:/devkitPro/libctru/lib\libcitro3d.a(drawElements.o)
                0x00000000001039b8                C3D_DrawElements
 .text.C3D_ProcTexInit
                0x0000000000103bd0       0x70 C:/devkitPro/libctru/lib\libcitro3d.a(proctex.o)
                0x0000000000103bd0                C3D_ProcTexInit
 .text.C3D_ProcTexBind
                0x0000000000103c40       0x54 C:/devkitPro/libctru/lib\libcitro3d.a(proctex.o)
                0x0000000000103c40                C3D_ProcTexBind
 .text.C3D_ProcTexLutBind
                0x0000000000103c94       0x5c C:/devkitPro/libctru/lib\libcitro3d.a(proctex.o)
                0x0000000000103c94                C3D_ProcTexLutBind
 .text.ProcTexLut_FromArray
                0x0000000000103cf0       0xa4 C:/devkitPro/libctru/lib\libcitro3d.a(proctex.o)
                0x0000000000103cf0                ProcTexLut_FromArray
 .text.C3Di_ProcTexUpdate
                0x0000000000103d94      0x17c C:/devkitPro/libctru/lib\libcitro3d.a(proctex.o)
                0x0000000000103d94                C3Di_ProcTexUpdate
 .text.C3Di_ProcTexDirty
                0x0000000000103f10       0x68 C:/devkitPro/libctru/lib\libcitro3d.a(proctex.o)
                0x0000000000103f10                C3Di_ProcTexDirty
 .text.BufInfo_Init
                0x0000000000103f78       0x24 C:/devkitPro/libctru/lib\libcitro3d.a(buffers.o)
                0x0000000000103f78                BufInfo_Init
 .text.BufInfo_Add
                0x0000000000103f9c       0x80 C:/devkitPro/libctru/lib\libcitro3d.a(buffers.o)
                0x0000000000103f9c                BufInfo_Add
 .text.C3D_SetBufInfo
                0x000000000010401c       0x40 C:/devkitPro/libctru/lib\libcitro3d.a(buffers.o)
                0x000000000010401c                C3D_SetBufInfo
 .text.C3Di_BufInfoBind
                0x000000000010405c       0x48 C:/devkitPro/libctru/lib\libcitro3d.a(buffers.o)
                0x000000000010405c                C3Di_BufInfoBind
 .text.C3D_DepthMap
                0x00000000001040a4       0x40 C:/devkitPro/libctru/lib\libcitro3d.a(effect.o)
                0x00000000001040a4                C3D_DepthMap
 .text.C3D_CullFace
                0x00000000001040e4       0x1c C:/devkitPro/libctru/lib\libcitro3d.a(effect.o)
                0x00000000001040e4                C3D_CullFace
 .text.C3D_StencilTest
                0x0000000000104100       0x40 C:/devkitPro/libctru/lib\libcitro3d.a(effect.o)
                0x0000000000104100                C3D_StencilTest
 .text.C3D_StencilOp
                0x0000000000104140       0x24 C:/devkitPro/libctru/lib\libcitro3d.a(effect.o)
                0x0000000000104140                C3D_StencilOp
 .text.C3D_BlendingColor
                0x0000000000104164       0x1c C:/devkitPro/libctru/lib\libcitro3d.a(effect.o)
                0x0000000000104164                C3D_BlendingColor
 .text.C3D_EarlyDepthTest
                0x0000000000104180       0x24 C:/devkitPro/libctru/lib\libcitro3d.a(effect.o)
                0x0000000000104180                C3D_EarlyDepthTest
 .text.C3D_DepthTest
                0x00000000001041a4       0x2c C:/devkitPro/libctru/lib\libcitro3d.a(effect.o)
                0x00000000001041a4                C3D_DepthTest
 .text.C3D_AlphaTest
                0x00000000001041d0       0x2c C:/devkitPro/libctru/lib\libcitro3d.a(effect.o)
                0x00000000001041d0                C3D_AlphaTest
 .text.C3D_AlphaBlend
                0x00000000001041fc       0x50 C:/devkitPro/libctru/lib\libcitro3d.a(effect.o)
                0x00000000001041fc                C3D_AlphaBlend
 .text.C3D_FragOpMode
                0x000000000010424c       0x30 C:/devkitPro/libctru/lib\libcitro3d.a(effect.o)
                0x000000000010424c                C3D_FragOpMode
 .text.C3D_FragOpShadow
                0x000000000010427c       0x44 C:/devkitPro/libctru/lib\libcitro3d.a(effect.o)
                0x000000000010427c                C3D_FragOpShadow
 .text.C3Di_EffectBind
                0x00000000001042c0      0x1ac C:/devkitPro/libctru/lib\libcitro3d.a(effect.o)
                0x00000000001042c0                C3Di_EffectBind
 .text.AttrInfo_Init
                0x000000000010446c       0x28 C:/devkitPro/libctru/lib\libcitro3d.a(attribs.o)
                0x000000000010446c                AttrInfo_Init
 .text.AttrInfo_AddLoader
                0x0000000000104494       0x94 C:/devkitPro/libctru/lib\libcitro3d.a(attribs.o)
                0x0000000000104494                AttrInfo_AddLoader
 .text.C3D_SetAttrInfo
                0x0000000000104528       0x54 C:/devkitPro/libctru/lib\libcitro3d.a(attribs.o)
                0x0000000000104528                C3D_SetAttrInfo
 .text.C3Di_AttrInfoBind
                0x000000000010457c       0x80 C:/devkitPro/libctru/lib\libcitro3d.a(attribs.o)
                0x000000000010457c                C3Di_AttrInfoBind
 .text.C3D_ImmSendAttrib
                0x00000000001045fc       0xa8 C:/devkitPro/libctru/lib\libcitro3d.a(immediate.o)
                0x00000000001045fc                C3D_ImmSendAttrib
 .text.C3D_UpdateUniforms
                0x00000000001046a4      0x280 C:/devkitPro/libctru/lib\libcitro3d.a(uniforms.o)
                0x00000000001046a4                C3D_UpdateUniforms
 .text.C3Di_DirtyUniforms
                0x0000000000104924       0xc0 C:/devkitPro/libctru/lib\libcitro3d.a(uniforms.o)
                0x0000000000104924                C3Di_DirtyUniforms
 .text.C3Di_LoadShaderUniforms
                0x00000000001049e4       0xd8 C:/devkitPro/libctru/lib\libcitro3d.a(uniforms.o)
                0x00000000001049e4                C3Di_LoadShaderUniforms
 .text.C3Di_ClearShaderUniforms
                0x0000000000104abc       0x28 C:/devkitPro/libctru/lib\libcitro3d.a(uniforms.o)
                0x0000000000104abc                C3Di_ClearShaderUniforms
 .text.Mtx_Ortho
                0x0000000000104ae4       0xcc C:/devkitPro/libctru/lib\libcitro3d.a(mtx_ortho.o)
                0x0000000000104ae4                Mtx_Ortho
 .text.Mtx_OrthoTilt
                0x0000000000104bb0       0xcc C:/devkitPro/libctru/lib\libcitro3d.a(mtx_orthotilt.o)
                0x0000000000104bb0                Mtx_OrthoTilt
 .text._ZL21addrMapNodeComparatorPK11rbtree_nodeS1_
                0x0000000000104c7c       0x24 C:/devkitPro/libctru/lib\libctru.a(vram.o)
 .text._ZL21addrMapNodeDestructorP11rbtree_node
                0x0000000000104ca0        0x4 C:/devkitPro/libctru/lib\libctru.a(vram.o)
 .text.vramMemAlignAt
                0x0000000000104ca4      0x250 C:/devkitPro/libctru/lib\libctru.a(vram.o)
                0x0000000000104ca4                vramMemAlignAt
 .text.vramAlloc
                0x0000000000104ef4        0xc C:/devkitPro/libctru/lib\libctru.a(vram.o)
                0x0000000000104ef4                vramAlloc
 .text.vramAllocAt
                0x0000000000104f00        0xc C:/devkitPro/libctru/lib\libctru.a(vram.o)
                0x0000000000104f00                vramAllocAt
 .text.vramFree
                0x0000000000104f0c       0x90 C:/devkitPro/libctru/lib\libctru.a(vram.o)
                0x0000000000104f0c                vramFree
 .text._ZL21addrMapNodeComparatorPK11rbtree_nodeS1_
                0x0000000000104f9c       0x24 C:/devkitPro/libctru/lib\libctru.a(linear.o)
 .text._ZL21addrMapNodeDestructorP11rbtree_node
                0x0000000000104fc0        0x4 C:/devkitPro/libctru/lib\libctru.a(linear.o)
 .text.linearMemAlign
                0x0000000000104fc4      0x120 C:/devkitPro/libctru/lib\libctru.a(linear.o)
                0x0000000000104fc4                linearMemAlign
 .text.linearAlloc
                0x00000000001050e4        0x8 C:/devkitPro/libctru/lib\libctru.a(linear.o)
                0x00000000001050e4                linearAlloc
 .text.linearFree
                0x00000000001050ec       0x5c C:/devkitPro/libctru/lib\libctru.a(linear.o)
                0x00000000001050ec                linearFree
 .text._ZN7MemPool13CoalesceRightEP8MemBlock
                0x0000000000105148       0x80 C:/devkitPro/libctru/lib\libctru.a(mem_pool.o)
                0x0000000000105148                MemPool::CoalesceRight(MemBlock*)
 .text._ZN7MemPool8AllocateER8MemChunkmi
                0x00000000001051c8      0x16c C:/devkitPro/libctru/lib\libctru.a(mem_pool.o)
                0x00000000001051c8                MemPool::Allocate(MemChunk&, unsigned long, int)
 .text._ZN7MemPool10DeallocateERK8MemChunk
                0x0000000000105334       0xfc C:/devkitPro/libctru/lib\libctru.a(mem_pool.o)
                0x0000000000105334                MemPool::Deallocate(MemChunk const&)
 .text._ZN7MemPool12GetFreeSpaceEv
                0x0000000000105430       0x30 C:/devkitPro/libctru/lib\libctru.a(mem_pool.o)
                0x0000000000105430                MemPool::GetFreeSpace()
 .text.osConvertVirtToPhys
                0x0000000000105460       0x74 C:/devkitPro/libctru/lib\libctru.a(os.o)
                0x0000000000105460                osConvertVirtToPhys
 *fill*         0x00000000001054d4        0x4 
 .text.osTickCounterRead
                0x00000000001054d8       0x38 C:/devkitPro/libctru/lib\libctru.a(os.o)
                0x00000000001054d8                osTickCounterRead
 .text.__ctru_speedup_config
                0x0000000000105510       0x34 C:/devkitPro/libctru/lib\libctru.a(os.o)
                0x0000000000105510                __ctru_speedup_config
 .text.parseColor
                0x0000000000105544      0x1e8 C:/devkitPro/libctru/lib\libctru.a(console.o)
 .text.consoleDrawChar
                0x000000000010572c      0x1ac C:/devkitPro/libctru/lib\libctru.a(console.o)
                0x000000000010572c                consoleDrawChar
 .text.consolePrintChar
                0x00000000001058d8      0x124 C:/devkitPro/libctru/lib\libctru.a(console.o)
                0x00000000001058d8                consolePrintChar
 .text.con_write
                0x00000000001059fc      0xb94 C:/devkitPro/libctru/lib\libctru.a(console.o)
                0x00000000001059fc                con_write
 .text.newRow   0x0000000000106590       0xfc C:/devkitPro/libctru/lib\libctru.a(console.o)
 .text.consoleInit
                0x000000000010668c      0x168 C:/devkitPro/libctru/lib\libctru.a(console.o)
                0x000000000010668c                consoleInit
 .text.gfxPresentFramebuffer
                0x00000000001067f4       0xd0 C:/devkitPro/libctru/lib\libctru.a(gfx.o)
 .text.gfxIsWide
                0x00000000001068c4       0x1c C:/devkitPro/libctru/lib\libctru.a(gfx.o)
                0x00000000001068c4                gfxIsWide
 .text.gfxSetScreenFormat
                0x00000000001068e0       0xec C:/devkitPro/libctru/lib\libctru.a(gfx.o)
                0x00000000001068e0                gfxSetScreenFormat
 .text.gfxSetDoubleBuffering
                0x00000000001069cc       0x10 C:/devkitPro/libctru/lib\libctru.a(gfx.o)
                0x00000000001069cc                gfxSetDoubleBuffering
 .text.gfxInit  0x00000000001069dc       0xe0 C:/devkitPro/libctru/lib\libctru.a(gfx.o)
                0x00000000001069dc                gfxInit
 .text.gfxInitDefault
                0x0000000000106abc       0x10 C:/devkitPro/libctru/lib\libctru.a(gfx.o)
                0x0000000000106abc                gfxInitDefault
 .text.gfxExit  0x0000000000106acc       0xb4 C:/devkitPro/libctru/lib\libctru.a(gfx.o)
                0x0000000000106acc                gfxExit
 .text.gfxGetFramebuffer
                0x0000000000106b80       0xa0 C:/devkitPro/libctru/lib\libctru.a(gfx.o)
                0x0000000000106b80                gfxGetFramebuffer
 .text.gfxFlushBuffers
                0x0000000000106c20      0x104 C:/devkitPro/libctru/lib\libctru.a(gfx.o)
                0x0000000000106c20                gfxFlushBuffers
 .text.gfxScreenSwapBuffers
                0x0000000000106d24       0x30 C:/devkitPro/libctru/lib\libctru.a(gfx.o)
                0x0000000000106d24                gfxScreenSwapBuffers
 .text.gfxSwapBuffersGpu
                0x0000000000106d54       0x50 C:/devkitPro/libctru/lib\libctru.a(gfx.o)
                0x0000000000106d54                gfxSwapBuffersGpu
 .text.shaderInstanceInit
                0x0000000000106da4      0x1d4 C:/devkitPro/libctru/lib\libctru.a(shaderProgram.o)
                0x0000000000106da4                shaderInstanceInit
 .text.shaderInstanceGetUniformLocation
                0x0000000000106f78       0x18 C:/devkitPro/libctru/lib\libctru.a(shaderProgram.o)
                0x0000000000106f78                shaderInstanceGetUniformLocation
 .text.shaderProgramInit
                0x0000000000106f90       0x1c C:/devkitPro/libctru/lib\libctru.a(shaderProgram.o)
                0x0000000000106f90                shaderProgramInit
 .text.shaderProgramFree
                0x0000000000106fac       0x64 C:/devkitPro/libctru/lib\libctru.a(shaderProgram.o)
                0x0000000000106fac                shaderProgramFree
 .text.shaderProgramSetVsh
                0x0000000000107010       0x80 C:/devkitPro/libctru/lib\libctru.a(shaderProgram.o)
                0x0000000000107010                shaderProgramSetVsh
 .text.shaderProgramConfigure
                0x0000000000107090      0x8e0 C:/devkitPro/libctru/lib\libctru.a(shaderProgram.o)
                0x0000000000107090                shaderProgramConfigure
 .text.DVLE_GenerateOutmap.part.0
                0x0000000000107970      0x1cc C:/devkitPro/libctru/lib\libctru.a(shbin.o)
 .text.DVLB_ParseFile
                0x0000000000107b3c      0x1b4 C:/devkitPro/libctru/lib\libctru.a(shbin.o)
                0x0000000000107b3c                DVLB_ParseFile
 .text.DVLB_Free
                0x0000000000107cf0       0x38 C:/devkitPro/libctru/lib\libctru.a(shbin.o)
                0x0000000000107cf0                DVLB_Free
 .text.DVLE_GetUniformRegister
                0x0000000000107d28       0x74 C:/devkitPro/libctru/lib\libctru.a(shbin.o)
                0x0000000000107d28                DVLE_GetUniformRegister
 .text.GX_BindQueue
                0x0000000000107d9c       0x10 C:/devkitPro/libctru/lib\libctru.a(gx.o)
                0x0000000000107d9c                GX_BindQueue
 .text.GX_ProcessCommandList
                0x0000000000107dac       0x78 C:/devkitPro/libctru/lib\libctru.a(gx.o)
                0x0000000000107dac                GX_ProcessCommandList
 .text.GX_MemoryFill
                0x0000000000107e24       0x74 C:/devkitPro/libctru/lib\libctru.a(gx.o)
                0x0000000000107e24                GX_MemoryFill
 .text.GX_DisplayTransfer
                0x0000000000107e98       0x70 C:/devkitPro/libctru/lib\libctru.a(gx.o)
                0x0000000000107e98                GX_DisplayTransfer
 .text.gxCmdQueueDoCommands.part.0
                0x0000000000107f08       0x68 C:/devkitPro/libctru/lib\libctru.a(gxqueue.o)
 .text.gxCmdQueueInterrupt
                0x0000000000107f70       0xc8 C:/devkitPro/libctru/lib\libctru.a(gxqueue.o)
                0x0000000000107f70                gxCmdQueueInterrupt
 .text.gxCmdQueueClear
                0x0000000000108038       0x4c C:/devkitPro/libctru/lib\libctru.a(gxqueue.o)
                0x0000000000108038                gxCmdQueueClear
 .text.gxCmdQueueAdd
                0x0000000000108084       0xf8 C:/devkitPro/libctru/lib\libctru.a(gxqueue.o)
                0x0000000000108084                gxCmdQueueAdd
 .text.gxCmdQueueRun
                0x000000000010817c       0x80 C:/devkitPro/libctru/lib\libctru.a(gxqueue.o)
                0x000000000010817c                gxCmdQueueRun
 .text.gxCmdQueueStop
                0x00000000001081fc       0x60 C:/devkitPro/libctru/lib\libctru.a(gxqueue.o)
                0x00000000001081fc                gxCmdQueueStop
 .text.gxCmdQueueWait
                0x000000000010825c       0x74 C:/devkitPro/libctru/lib\libctru.a(gxqueue.o)
                0x000000000010825c                gxCmdQueueWait
 .text.GPUCMD_Add
                0x00000000001082d0      0x13c C:/devkitPro/libctru/lib\libctru.a(gpu.o)
                0x00000000001082d0                GPUCMD_Add
 .text.GPUCMD_Split
                0x000000000010840c       0xb0 C:/devkitPro/libctru/lib\libctru.a(gpu.o)
                0x000000000010840c                GPUCMD_Split
 .text.f32tof16
                0x00000000001084bc       0x34 C:/devkitPro/libctru/lib\libctru.a(gpu.o)
                0x00000000001084bc                f32tof16
 .text.f32tof24
                0x00000000001084f0       0x34 C:/devkitPro/libctru/lib\libctru.a(gpu.o)
                0x00000000001084f0                f32tof24
 .text.f32tof31
                0x0000000000108524       0x38 C:/devkitPro/libctru/lib\libctru.a(gpu.o)
                0x0000000000108524                f32tof31
 .text.gspHardwareInit
                0x000000000010855c      0xc58 C:/devkitPro/libctru/lib\libctru.a(gspgpu.o)
 .text.gspInit  0x00000000001091b4      0x248 C:/devkitPro/libctru/lib\libctru.a(gspgpu.o)
                0x00000000001091b4                gspInit
 .text.gspExit  0x00000000001093fc       0xf0 C:/devkitPro/libctru/lib\libctru.a(gspgpu.o)
                0x00000000001093fc                gspExit
 .text.gspHasGpuRight
                0x00000000001094ec       0x10 C:/devkitPro/libctru/lib\libctru.a(gspgpu.o)
                0x00000000001094ec                gspHasGpuRight
 .text.gspPresentBuffer
                0x00000000001094fc       0xa0 C:/devkitPro/libctru/lib\libctru.a(gspgpu.o)
                0x00000000001094fc                gspPresentBuffer
 .text.gspSetEventCallback
                0x000000000010959c       0x30 C:/devkitPro/libctru/lib\libctru.a(gspgpu.o)
                0x000000000010959c                gspSetEventCallback
 .text.gspWaitForEvent
                0x00000000001095cc       0x44 C:/devkitPro/libctru/lib\libctru.a(gspgpu.o)
                0x00000000001095cc                gspWaitForEvent
 .text.gspWaitForAnyEvent
                0x0000000000109610       0x4c C:/devkitPro/libctru/lib\libctru.a(gspgpu.o)
                0x0000000000109610                gspWaitForAnyEvent
 .text.gspEventThreadMain
                0x000000000010965c      0x158 C:/devkitPro/libctru/lib\libctru.a(gspgpu.o)
 .text.gspSubmitGxCommand
                0x00000000001097b4      0x130 C:/devkitPro/libctru/lib\libctru.a(gspgpu.o)
                0x00000000001097b4                gspSubmitGxCommand
 .text.GSPGPU_FlushDataCache
                0x00000000001098e4       0x50 C:/devkitPro/libctru/lib\libctru.a(gspgpu.o)
                0x00000000001098e4                GSPGPU_FlushDataCache
 .text.GSPGPU_SetLcdForceBlack
                0x0000000000109934       0x34 C:/devkitPro/libctru/lib\libctru.a(gspgpu.o)
                0x0000000000109934                GSPGPU_SetLcdForceBlack
 .text.GSPGPU_AcquireRight
                0x0000000000109968       0x68 C:/devkitPro/libctru/lib\libctru.a(gspgpu.o)
                0x0000000000109968                GSPGPU_AcquireRight
 .text.GSPGPU_ReleaseRight
                0x00000000001099d0       0x48 C:/devkitPro/libctru/lib\libctru.a(gspgpu.o)
                0x00000000001099d0                GSPGPU_ReleaseRight
 .text.GSPGPU_ImportDisplayCaptureInfo
                0x0000000000109a18       0x7c C:/devkitPro/libctru/lib\libctru.a(gspgpu.o)
                0x0000000000109a18                GSPGPU_ImportDisplayCaptureInfo
 .text.GSPGPU_SaveVramSysArea
                0x0000000000109a94       0x2c C:/devkitPro/libctru/lib\libctru.a(gspgpu.o)
                0x0000000000109a94                GSPGPU_SaveVramSysArea
 .text.GSPGPU_RestoreVramSysArea
                0x0000000000109ac0       0x2c C:/devkitPro/libctru/lib\libctru.a(gspgpu.o)
                0x0000000000109ac0                GSPGPU_RestoreVramSysArea
 .text.aptConvertScreenForCapture
                0x0000000000109aec      0x1a4 C:/devkitPro/libctru/lib\libctru.a(apt.o)
 .text.aptDspSleep
                0x0000000000109c90        0x8 C:/devkitPro/libctru/lib\libctru.a(apt.o)
                0x0000000000109c90                aptDspSleep
 .text.aptDspWakeup
                0x0000000000109c98        0x4 C:/devkitPro/libctru/lib\libctru.a(apt.o)
                0x0000000000109c98                aptDspWakeup
 .text.aptDspCancel
                0x0000000000109c9c        0x4 C:/devkitPro/libctru/lib\libctru.a(apt.o)
                0x0000000000109c9c                aptDspCancel
 .text.aptSendCommand
                0x0000000000109ca0      0x158 C:/devkitPro/libctru/lib\libctru.a(apt.o)
                0x0000000000109ca0                aptSendCommand
 .text.aptExitProcess
                0x0000000000109df8       0x44 C:/devkitPro/libctru/lib\libctru.a(apt.o)
 .text.aptExit  0x0000000000109e3c      0x2f4 C:/devkitPro/libctru/lib\libctru.a(apt.o)
                0x0000000000109e3c                aptExit
 .text.aptHandleSleep
                0x000000000010a130       0xe0 C:/devkitPro/libctru/lib\libctru.a(apt.o)
                0x000000000010a130                aptHandleSleep
 .text.aptHook  0x000000000010a210       0x30 C:/devkitPro/libctru/lib\libctru.a(apt.o)
                0x000000000010a210                aptHook
 .text.aptUnhook
                0x000000000010a240       0x30 C:/devkitPro/libctru/lib\libctru.a(apt.o)
                0x000000000010a240                aptUnhook
 .text.APT_SleepIfShellClosed
                0x000000000010a270       0x84 C:/devkitPro/libctru/lib\libctru.a(apt.o)
                0x000000000010a270                APT_SleepIfShellClosed
 .text.aptSetSleepAllowed
                0x000000000010a2f4       0x84 C:/devkitPro/libctru/lib\libctru.a(apt.o)
                0x000000000010a2f4                aptSetSleepAllowed
 .text.APT_UnlockTransition
                0x000000000010a378       0x84 C:/devkitPro/libctru/lib\libctru.a(apt.o)
                0x000000000010a378                APT_UnlockTransition
 *fill*         0x000000000010a3fc        0x4 
 .text.aptEventHandler
                0x000000000010a400      0x4a4 C:/devkitPro/libctru/lib\libctru.a(apt.o)
 .text.APT_ReceiveParameter
                0x000000000010a8a4       0xb0 C:/devkitPro/libctru/lib\libctru.a(apt.o)
                0x000000000010a8a4                APT_ReceiveParameter
 .text.aptReceiveParameter.constprop.0
                0x000000000010a954       0xb0 C:/devkitPro/libctru/lib\libctru.a(apt.o)
 *fill*         0x000000000010aa04        0x4 
 .text.aptScreenTransfer
                0x000000000010aa08      0x2ac C:/devkitPro/libctru/lib\libctru.a(apt.o)
 .text.aptWaitForWakeUp.isra.0
                0x000000000010acb4      0x344 C:/devkitPro/libctru/lib\libctru.a(apt.o)
 .text.aptJumpToHomeMenu
                0x000000000010aff8      0x100 C:/devkitPro/libctru/lib\libctru.a(apt.o)
                0x000000000010aff8                aptJumpToHomeMenu
 .text.aptMainLoop
                0x000000000010b0f8       0x48 C:/devkitPro/libctru/lib\libctru.a(apt.o)
                0x000000000010b0f8                aptMainLoop
 .text.aptInit  0x000000000010b140      0x22c C:/devkitPro/libctru/lib\libctru.a(apt.o)
                0x000000000010b140                aptInit
 .text.APT_CheckNew3DS
                0x000000000010b36c       0x7c C:/devkitPro/libctru/lib\libctru.a(apt.o)
                0x000000000010b36c                APT_CheckNew3DS
 .text.hidShouldUseIrrst
                0x000000000010b3e8       0x24 C:/devkitPro/libctru/lib\libctru.a(hid.o)
                0x000000000010b3e8                hidShouldUseIrrst
 .text.hidInit  0x000000000010b40c      0x18c C:/devkitPro/libctru/lib\libctru.a(hid.o)
                0x000000000010b40c                hidInit
 .text.hidExit  0x000000000010b598       0xe8 C:/devkitPro/libctru/lib\libctru.a(hid.o)
                0x000000000010b598                hidExit
 .text.hidScanInput
                0x000000000010b680      0x2a4 C:/devkitPro/libctru/lib\libctru.a(hid.o)
                0x000000000010b680                hidScanInput
 .text.hidKeysDown
                0x000000000010b924       0x10 C:/devkitPro/libctru/lib\libctru.a(hid.o)
                0x000000000010b924                hidKeysDown
 .text.ptmSysmInit
                0x000000000010b934       0x74 C:/devkitPro/libctru/lib\libctru.a(ptmsysm.o)
                0x000000000010b934                ptmSysmInit
 .text.ptmSysmExit
                0x000000000010b9a8       0x3c C:/devkitPro/libctru/lib\libctru.a(ptmsysm.o)
                0x000000000010b9a8                ptmSysmExit
 .text.PTMSYSM_ConfigureNew3DSCPU
                0x000000000010b9e4       0x34 C:/devkitPro/libctru/lib\libctru.a(ptmsysm.o)
                0x000000000010b9e4                PTMSYSM_ConfigureNew3DSCPU
 .text.rbtree_init
                0x000000000010ba18       0x10 C:/devkitPro/libctru/lib\libctru.a(rbtree_init.o)
                0x000000000010ba18                rbtree_init
 .text.do_insert
                0x000000000010ba28      0x1b4 C:/devkitPro/libctru/lib\libctru.a(rbtree_insert.o)
 .text.rbtree_insert
                0x000000000010bbdc        0x8 C:/devkitPro/libctru/lib\libctru.a(rbtree_insert.o)
                0x000000000010bbdc                rbtree_insert
 .text.rbtree_rotate
                0x000000000010bbe4       0x90 C:/devkitPro/libctru/lib\libctru.a(rbtree_rotate.o)
                0x000000000010bbe4                rbtree_rotate
 .text.rbtree_remove
                0x000000000010bc74      0x318 C:/devkitPro/libctru/lib\libctru.a(rbtree_remove.o)
                0x000000000010bc74                rbtree_remove
 .text.rbtree_find
                0x000000000010bf8c       0x74 C:/devkitPro/libctru/lib\libctru.a(rbtree_find.o)
                0x000000000010bf8c                rbtree_find
 .text.__system_allocateHeaps
                0x000000000010c000      0x1e0 C:/devkitPro/libctru/lib\libctru.a(allocateHeaps.o)
                0x000000000010c000                __system_allocateHeaps
 .text.__libctru_init
                0x000000000010c1e0       0x38 C:/devkitPro/libctru/lib\libctru.a(ctru_init.o)
                0x000000000010c1e0                __libctru_init
 .text.__system_initArgv
                0x000000000010c218      0x170 C:/devkitPro/libctru/lib\libctru.a(initArgv.o)
                0x000000000010c218                __system_initArgv
 .text.svcControlMemory
                0x000000000010c388       0x20 C:/devkitPro/libctru/lib\libctru.a(svc.o)
                0x000000000010c388                svcControlMemory
 .text.svcQueryMemory
                0x000000000010c3a8       0x30 C:/devkitPro/libctru/lib\libctru.a(svc.o)
                0x000000000010c3a8                svcQueryMemory
 .text.svcExitProcess
                0x000000000010c3d8        0x8 C:/devkitPro/libctru/lib\libctru.a(svc.o)
                0x000000000010c3d8                svcExitProcess
 .text.svcCreateThread
                0x000000000010c3e0       0x20 C:/devkitPro/libctru/lib\libctru.a(svc.o)
                0x000000000010c3e0                svcCreateThread
 .text.svcExitThread
                0x000000000010c400        0x8 C:/devkitPro/libctru/lib\libctru.a(svc.o)
                0x000000000010c400                svcExitThread
 .text.svcSleepThread
                0x000000000010c408        0x8 C:/devkitPro/libctru/lib\libctru.a(svc.o)
                0x000000000010c408                svcSleepThread
 .text.svcReleaseMutex
                0x000000000010c410        0x8 C:/devkitPro/libctru/lib\libctru.a(svc.o)
                0x000000000010c410                svcReleaseMutex
 .text.svcCreateEvent
                0x000000000010c418       0x14 C:/devkitPro/libctru/lib\libctru.a(svc.o)
                0x000000000010c418                svcCreateEvent
 .text.svcSignalEvent
                0x000000000010c42c        0x8 C:/devkitPro/libctru/lib\libctru.a(svc.o)
                0x000000000010c42c                svcSignalEvent
 .text.svcClearEvent
                0x000000000010c434        0x8 C:/devkitPro/libctru/lib\libctru.a(svc.o)
                0x000000000010c434                svcClearEvent
 .text.svcMapMemoryBlock
                0x000000000010c43c        0x8 C:/devkitPro/libctru/lib\libctru.a(svc.o)
                0x000000000010c43c                svcMapMemoryBlock
 .text.svcUnmapMemoryBlock
                0x000000000010c444        0x8 C:/devkitPro/libctru/lib\libctru.a(svc.o)
                0x000000000010c444                svcUnmapMemoryBlock
 .text.svcCreateAddressArbiter
                0x000000000010c44c       0x14 C:/devkitPro/libctru/lib\libctru.a(svc.o)
                0x000000000010c44c                svcCreateAddressArbiter
 .text.svcArbitrateAddressNoTimeout
                0x000000000010c460        0x8 C:/devkitPro/libctru/lib\libctru.a(svc.o)
                0x000000000010c460                svcArbitrateAddressNoTimeout
 .text.svcCloseHandle
                0x000000000010c468        0x8 C:/devkitPro/libctru/lib\libctru.a(svc.o)
                0x000000000010c468                svcCloseHandle
 .text.svcWaitSynchronization
                0x000000000010c470        0x8 C:/devkitPro/libctru/lib\libctru.a(svc.o)
                0x000000000010c470                svcWaitSynchronization
 .text.svcWaitSynchronizationN
                0x000000000010c478       0x28 C:/devkitPro/libctru/lib\libctru.a(svc.o)
                0x000000000010c478                svcWaitSynchronizationN
 .text.svcDuplicateHandle
                0x000000000010c4a0       0x14 C:/devkitPro/libctru/lib\libctru.a(svc.o)
                0x000000000010c4a0                svcDuplicateHandle
 .text.svcGetSystemTick
                0x000000000010c4b4        0x8 C:/devkitPro/libctru/lib\libctru.a(svc.o)
                0x000000000010c4b4                svcGetSystemTick
 .text.svcConnectToPort
                0x000000000010c4bc       0x14 C:/devkitPro/libctru/lib\libctru.a(svc.o)
                0x000000000010c4bc                svcConnectToPort
 .text.svcSendSyncRequest
                0x000000000010c4d0        0x8 C:/devkitPro/libctru/lib\libctru.a(svc.o)
                0x000000000010c4d0                svcSendSyncRequest
 .text.svcGetResourceLimit
                0x000000000010c4d8       0x14 C:/devkitPro/libctru/lib\libctru.a(svc.o)
                0x000000000010c4d8                svcGetResourceLimit
 .text.svcGetResourceLimitLimitValues
                0x000000000010c4ec        0x8 C:/devkitPro/libctru/lib\libctru.a(svc.o)
                0x000000000010c4ec                svcGetResourceLimitLimitValues
 .text.svcGetResourceLimitCurrentValues
                0x000000000010c4f4        0x8 C:/devkitPro/libctru/lib\libctru.a(svc.o)
                0x000000000010c4f4                svcGetResourceLimitCurrentValues
 .text.svcBreak
                0x000000000010c4fc        0x8 C:/devkitPro/libctru/lib\libctru.a(svc.o)
                0x000000000010c4fc                svcBreak
 .text.initSystem
                0x000000000010c504       0x50 C:/devkitPro/libctru/lib\libctru.a(stack_adjust.o)
                0x000000000010c504                initSystem
 .text.__ctru_exit
                0x000000000010c554       0x18 C:/devkitPro/libctru/lib\libctru.a(stack_adjust.o)
                0x000000000010c554                __ctru_exit
 .text.__sync_init
                0x000000000010c56c        0xc C:/devkitPro/libctru/lib\libctru.a(synchronization.o)
                0x000000000010c56c                __sync_init
 .text.__sync_fini
                0x000000000010c578       0x18 C:/devkitPro/libctru/lib\libctru.a(synchronization.o)
                0x000000000010c578                __sync_fini
 .text.syncArbitrateAddress
                0x000000000010c590       0x2c C:/devkitPro/libctru/lib\libctru.a(synchronization.o)
                0x000000000010c590                syncArbitrateAddress
 .text.LightLock_Lock
                0x000000000010c5bc       0xb0 C:/devkitPro/libctru/lib\libctru.a(synchronization.o)
                0x000000000010c5bc                LightLock_Lock
 .text.LightLock_Unlock
                0x000000000010c66c       0x40 C:/devkitPro/libctru/lib\libctru.a(synchronization.o)
                0x000000000010c66c                LightLock_Unlock
 .text.RecursiveLock_Init
                0x000000000010c6ac       0x24 C:/devkitPro/libctru/lib\libctru.a(synchronization.o)
                0x000000000010c6ac                RecursiveLock_Init
 .text.RecursiveLock_Lock
                0x000000000010c6d0       0x30 C:/devkitPro/libctru/lib\libctru.a(synchronization.o)
                0x000000000010c6d0                RecursiveLock_Lock
 .text.RecursiveLock_Unlock
                0x000000000010c700       0x54 C:/devkitPro/libctru/lib\libctru.a(synchronization.o)
                0x000000000010c700                RecursiveLock_Unlock
 .text.LightEvent_Init
                0x000000000010c754       0x40 C:/devkitPro/libctru/lib\libctru.a(synchronization.o)
                0x000000000010c754                LightEvent_Init
 .text.LightEvent_Clear
                0x000000000010c794       0xa4 C:/devkitPro/libctru/lib\libctru.a(synchronization.o)
                0x000000000010c794                LightEvent_Clear
 .text.LightEvent_Signal
                0x000000000010c838       0xc8 C:/devkitPro/libctru/lib\libctru.a(synchronization.o)
                0x000000000010c838                LightEvent_Signal
 .text.LightEvent_TryWait
                0x000000000010c900       0x50 C:/devkitPro/libctru/lib\libctru.a(synchronization.o)
                0x000000000010c900                LightEvent_TryWait
 .text.LightEvent_Wait
                0x000000000010c950       0xb0 C:/devkitPro/libctru/lib\libctru.a(synchronization.o)
                0x000000000010c950                LightEvent_Wait
 .text.srvInit  0x000000000010ca00      0x130 C:/devkitPro/libctru/lib\libctru.a(srv.o)
                0x000000000010ca00                srvInit
 .text.srvExit  0x000000000010cb30       0x58 C:/devkitPro/libctru/lib\libctru.a(srv.o)
                0x000000000010cb30                srvExit
 .text.srvGetServiceHandleDirect
                0x000000000010cb88       0xa0 C:/devkitPro/libctru/lib\libctru.a(srv.o)
                0x000000000010cb88                srvGetServiceHandleDirect
 .text.srvGetServiceHandle
                0x000000000010cc28       0x38 C:/devkitPro/libctru/lib\libctru.a(srv.o)
                0x000000000010cc28                srvGetServiceHandle
 .text.srvPublishToSubscriber
                0x000000000010cc60       0x38 C:/devkitPro/libctru/lib\libctru.a(srv.o)
                0x000000000010cc60                srvPublishToSubscriber
 .text.threadCreate
                0x000000000010cc98      0x178 C:/devkitPro/libctru/lib\libctru.a(thread.o)
                0x000000000010cc98                threadCreate
 .text.threadFree
                0x000000000010ce10       0x2c C:/devkitPro/libctru/lib\libctru.a(thread.o)
                0x000000000010ce10                threadFree
 .text.threadJoin
                0x000000000010ce3c       0x24 C:/devkitPro/libctru/lib\libctru.a(thread.o)
                0x000000000010ce3c                threadJoin
 .text.threadGetCurrent
                0x000000000010ce60       0x30 C:/devkitPro/libctru/lib\libctru.a(thread.o)
                0x000000000010ce60                threadGetCurrent
 .text.threadExit
                0x000000000010ce90       0x40 C:/devkitPro/libctru/lib\libctru.a(thread.o)
                0x000000000010ce90                threadExit
 .text._thread_begin
                0x000000000010ced0       0x20 C:/devkitPro/libctru/lib\libctru.a(thread.o)
 .text.mappableFindAddressWithin
                0x000000000010cef0       0xb4 C:/devkitPro/libctru/lib\libctru.a(mappable.o)
 .text.mappableInit
                0x000000000010cfa4       0x28 C:/devkitPro/libctru/lib\libctru.a(mappable.o)
                0x000000000010cfa4                mappableInit
 .text.mappableAlloc
                0x000000000010cfcc       0x80 C:/devkitPro/libctru/lib\libctru.a(mappable.o)
                0x000000000010cfcc                mappableAlloc
 .text.mappableFree
                0x000000000010d04c        0x4 C:/devkitPro/libctru/lib\libctru.a(mappable.o)
                0x000000000010d04c                mappableFree
 .text.irrstInit
                0x000000000010d050      0x164 C:/devkitPro/libctru/lib\libctru.a(irrst.o)
                0x000000000010d050                irrstInit
 .text.irrstExit
                0x000000000010d1b4       0xcc C:/devkitPro/libctru/lib\libctru.a(irrst.o)
                0x000000000010d1b4                irrstExit
 .text.irrstScanInput
                0x000000000010d280       0xb4 C:/devkitPro/libctru/lib\libctru.a(irrst.o)
                0x000000000010d280                irrstScanInput
 .text.irrstKeysHeld
                0x000000000010d334       0x24 C:/devkitPro/libctru/lib\libctru.a(irrst.o)
                0x000000000010d334                irrstKeysHeld
 .text.srvPmGetSessionHandle
                0x000000000010d358        0xc C:/devkitPro/libctru/lib\libctru.a(srvpm.o)
                0x000000000010d358                srvPmGetSessionHandle
 .text.rbtree_node_next
                0x000000000010d364       0x5c C:/devkitPro/libctru/lib\libctru.a(rbtree_iterator.o)
                0x000000000010d364                rbtree_node_next
 .text.__appInit
                0x000000000010d3c0       0x30 C:/devkitPro/libctru/lib\libctru.a(appInit.o)
                0x000000000010d3c0                __appInit
 .text.__syscall_getreent
                0x000000000010d3f0       0x30 C:/devkitPro/libctru/lib\libctru.a(syscalls.o)
                0x000000000010d3f0                __syscall_getreent
 .text.__syscall_lock_acquire
                0x000000000010d420        0x4 C:/devkitPro/libctru/lib\libctru.a(syscalls.o)
                0x000000000010d420                __syscall_lock_acquire
 .text.__syscall_lock_release
                0x000000000010d424        0x4 C:/devkitPro/libctru/lib\libctru.a(syscalls.o)
                0x000000000010d424                __syscall_lock_release
 .text.__syscall_lock_init_recursive
                0x000000000010d428        0x4 C:/devkitPro/libctru/lib\libctru.a(syscalls.o)
                0x000000000010d428                __syscall_lock_init_recursive
 .text.__syscall_lock_acquire_recursive
                0x000000000010d42c        0x4 C:/devkitPro/libctru/lib\libctru.a(syscalls.o)
                0x000000000010d42c                __syscall_lock_acquire_recursive
 .text.__syscall_lock_release_recursive
                0x000000000010d430        0x4 C:/devkitPro/libctru/lib\libctru.a(syscalls.o)
                0x000000000010d430                __syscall_lock_release_recursive
 .text.__syscall_exit
                0x000000000010d434        0x4 C:/devkitPro/libctru/lib\libctru.a(syscalls.o)
                0x000000000010d434                __syscall_exit
 .text.initThreadVars
                0x000000000010d438       0x50 C:/devkitPro/libctru/lib\libctru.a(syscalls.o)
                0x000000000010d438                initThreadVars
 .text.__system_initSyscalls
                0x000000000010d488       0x68 C:/devkitPro/libctru/lib\libctru.a(syscalls.o)
                0x000000000010d488                __system_initSyscalls
 .text.__appExit
                0x000000000010d4f0       0x30 C:/devkitPro/libctru/lib\libctru.a(appExit.o)
                0x000000000010d4f0                __appExit
 .text.__libctru_exit
                0x000000000010d520       0x90 C:/devkitPro/libctru/lib\libctru.a(ctru_exit.o)
                0x000000000010d520                __libctru_exit
 .text.envGetHandle
                0x000000000010d5b0       0x84 C:/devkitPro/libctru/lib\libctru.a(env.o)
                0x000000000010d5b0                envGetHandle
 .text.envDestroyHandles
                0x000000000010d634       0x50 C:/devkitPro/libctru/lib\libctru.a(env.o)
                0x000000000010d634                envDestroyHandles
 .text.archive_link
                0x000000000010d684       0x14 C:/devkitPro/libctru/lib\libctru.a(archive_dev.o)
 .text.archive_dirreset
                0x000000000010d698       0x14 C:/devkitPro/libctru/lib\libctru.a(archive_dev.o)
 .text.archive_chmod
                0x000000000010d6ac       0x14 C:/devkitPro/libctru/lib\libctru.a(archive_dev.o)
 .text.error_cmp
                0x000000000010d6c0       0x24 C:/devkitPro/libctru/lib\libctru.a(archive_dev.o)
 .text.archive_translate_error
                0x000000000010d6e4       0x50 C:/devkitPro/libctru/lib\libctru.a(archive_dev.o)
 .text.archive_seek
                0x000000000010d734       0xc8 C:/devkitPro/libctru/lib\libctru.a(archive_dev.o)
 .text._archiveInit.part.0
                0x000000000010d7fc       0x7c C:/devkitPro/libctru/lib\libctru.a(archive_dev.o)
 .text.archiveFindDevice.part.0
                0x000000000010d878       0xc4 C:/devkitPro/libctru/lib\libctru.a(archive_dev.o)
 .text.archive_utf16path
                0x000000000010d93c      0x25c C:/devkitPro/libctru/lib\libctru.a(archive_dev.o)
 .text._archiveUnmountDeviceStruct.part.0
                0x000000000010db98       0xa0 C:/devkitPro/libctru/lib\libctru.a(archive_dev.o)
 .text.archive_fchmod
                0x000000000010dc38       0x14 C:/devkitPro/libctru/lib\libctru.a(archive_dev.o)
 .text.archive_statvfs
                0x000000000010dc4c       0x14 C:/devkitPro/libctru/lib\libctru.a(archive_dev.o)
 .text._archiveMountDevice
                0x000000000010dc60      0x164 C:/devkitPro/libctru/lib\libctru.a(archive_dev.o)
 .text.archive_diropen
                0x000000000010ddc4       0xe8 C:/devkitPro/libctru/lib\libctru.a(archive_dev.o)
 .text.archive_fstat
                0x000000000010deac       0xa4 C:/devkitPro/libctru/lib\libctru.a(archive_dev.o)
 .text.archive_close
                0x000000000010df50       0x6c C:/devkitPro/libctru/lib\libctru.a(archive_dev.o)
 .text.archive_fsync
                0x000000000010dfbc       0x6c C:/devkitPro/libctru/lib\libctru.a(archive_dev.o)
 .text.archive_dirclose
                0x000000000010e028       0x70 C:/devkitPro/libctru/lib\libctru.a(archive_dev.o)
 .text.sdmc_statvfs
                0x000000000010e098       0xe8 C:/devkitPro/libctru/lib\libctru.a(archive_dev.o)
 .text.archive_chdir
                0x000000000010e180       0xec C:/devkitPro/libctru/lib\libctru.a(archive_dev.o)
 .text.archive_ftruncate
                0x000000000010e26c       0x7c C:/devkitPro/libctru/lib\libctru.a(archive_dev.o)
 .text.archive_read
                0x000000000010e2e8       0xac C:/devkitPro/libctru/lib\libctru.a(archive_dev.o)
 .text.archive_unlink
                0x000000000010e394       0xa4 C:/devkitPro/libctru/lib\libctru.a(archive_dev.o)
 .text.archive_rmdir
                0x000000000010e438       0xbc C:/devkitPro/libctru/lib\libctru.a(archive_dev.o)
 .text.archive_mkdir
                0x000000000010e4f4       0xdc C:/devkitPro/libctru/lib\libctru.a(archive_dev.o)
 .text.archive_stat
                0x000000000010e5d0      0x19c C:/devkitPro/libctru/lib\libctru.a(archive_dev.o)
 .text.archive_dirnext
                0x000000000010e76c      0x15c C:/devkitPro/libctru/lib\libctru.a(archive_dev.o)
 .text.archive_write
                0x000000000010e8c8       0xec C:/devkitPro/libctru/lib\libctru.a(archive_dev.o)
 .text.archive_open
                0x000000000010e9b4      0x1d4 C:/devkitPro/libctru/lib\libctru.a(archive_dev.o)
 .text.archive_rename
                0x000000000010eb88      0x278 C:/devkitPro/libctru/lib\libctru.a(archive_dev.o)
 .text.archiveMountSdmc
                0x000000000010ee00      0x19c C:/devkitPro/libctru/lib\libctru.a(archive_dev.o)
                0x000000000010ee00                archiveMountSdmc
 .text.archiveUnmountAll
                0x000000000010ef9c       0x54 C:/devkitPro/libctru/lib\libctru.a(archive_dev.o)
                0x000000000010ef9c                archiveUnmountAll
 .text.fsInit   0x000000000010eff0       0xcc C:/devkitPro/libctru/lib\libctru.a(fs.o)
                0x000000000010eff0                fsInit
 .text.fsExit   0x000000000010f0bc       0x3c C:/devkitPro/libctru/lib\libctru.a(fs.o)
                0x000000000010f0bc                fsExit
 .text.fsExemptFromSession
                0x000000000010f0f8       0x60 C:/devkitPro/libctru/lib\libctru.a(fs.o)
                0x000000000010f0f8                fsExemptFromSession
 .text.fsUnexemptFromSession
                0x000000000010f158       0x50 C:/devkitPro/libctru/lib\libctru.a(fs.o)
                0x000000000010f158                fsUnexemptFromSession
 .text.FSUSER_OpenFile
                0x000000000010f1a8       0xcc C:/devkitPro/libctru/lib\libctru.a(fs.o)
                0x000000000010f1a8                FSUSER_OpenFile
 .text.FSUSER_DeleteFile
                0x000000000010f274       0xbc C:/devkitPro/libctru/lib\libctru.a(fs.o)
                0x000000000010f274                FSUSER_DeleteFile
 .text.FSUSER_RenameFile
                0x000000000010f330       0xf8 C:/devkitPro/libctru/lib\libctru.a(fs.o)
                0x000000000010f330                FSUSER_RenameFile
 .text.FSUSER_DeleteDirectory
                0x000000000010f428       0xbc C:/devkitPro/libctru/lib\libctru.a(fs.o)
                0x000000000010f428                FSUSER_DeleteDirectory
 .text.FSUSER_CreateFile
                0x000000000010f4e4       0xd4 C:/devkitPro/libctru/lib\libctru.a(fs.o)
                0x000000000010f4e4                FSUSER_CreateFile
 .text.FSUSER_CreateDirectory
                0x000000000010f5b8       0xc4 C:/devkitPro/libctru/lib\libctru.a(fs.o)
                0x000000000010f5b8                FSUSER_CreateDirectory
 .text.FSUSER_RenameDirectory
                0x000000000010f67c       0xf8 C:/devkitPro/libctru/lib\libctru.a(fs.o)
                0x000000000010f67c                FSUSER_RenameDirectory
 .text.FSUSER_OpenDirectory
                0x000000000010f774       0xb4 C:/devkitPro/libctru/lib\libctru.a(fs.o)
                0x000000000010f774                FSUSER_OpenDirectory
 .text.FSUSER_OpenArchive
                0x000000000010f828       0x98 C:/devkitPro/libctru/lib\libctru.a(fs.o)
                0x000000000010f828                FSUSER_OpenArchive
 .text.FSUSER_CloseArchive
                0x000000000010f8c0       0x8c C:/devkitPro/libctru/lib\libctru.a(fs.o)
                0x000000000010f8c0                FSUSER_CloseArchive
 .text.FSUSER_GetSdmcArchiveResource
                0x000000000010f94c       0x74 C:/devkitPro/libctru/lib\libctru.a(fs.o)
                0x000000000010f94c                FSUSER_GetSdmcArchiveResource
 .text.FSUSER_IsSdmcWritable
                0x000000000010f9c0       0x64 C:/devkitPro/libctru/lib\libctru.a(fs.o)
                0x000000000010f9c0                FSUSER_IsSdmcWritable
 .text.FSFILE_Read
                0x000000000010fa24       0x58 C:/devkitPro/libctru/lib\libctru.a(fs.o)
                0x000000000010fa24                FSFILE_Read
 .text.FSFILE_Write
                0x000000000010fa7c       0x60 C:/devkitPro/libctru/lib\libctru.a(fs.o)
                0x000000000010fa7c                FSFILE_Write
 .text.FSFILE_GetSize
                0x000000000010fadc       0x3c C:/devkitPro/libctru/lib\libctru.a(fs.o)
                0x000000000010fadc                FSFILE_GetSize
 .text.FSFILE_SetSize
                0x000000000010fb18       0x28 C:/devkitPro/libctru/lib\libctru.a(fs.o)
                0x000000000010fb18                FSFILE_SetSize
 .text.FSFILE_Close
                0x000000000010fb40       0x3c C:/devkitPro/libctru/lib\libctru.a(fs.o)
                0x000000000010fb40                FSFILE_Close
 .text.FSFILE_Flush
                0x000000000010fb7c       0x24 C:/devkitPro/libctru/lib\libctru.a(fs.o)
                0x000000000010fb7c                FSFILE_Flush
 .text.FSDIR_Read
                0x000000000010fba0       0x50 C:/devkitPro/libctru/lib\libctru.a(fs.o)
                0x000000000010fba0                FSDIR_Read
 .text.FSDIR_Close
                0x000000000010fbf0       0x3c C:/devkitPro/libctru/lib\libctru.a(fs.o)
                0x000000000010fbf0                FSDIR_Close
 .text.utf16_to_utf8
                0x000000000010fc2c       0xe8 C:/devkitPro/libctru/lib\libctru.a(utf16_to_utf8.o)
                0x000000000010fc2c                utf16_to_utf8
 .text.decode_utf16
                0x000000000010fd14       0x64 C:/devkitPro/libctru/lib\libctru.a(decode_utf16.o)
                0x000000000010fd14                decode_utf16
 .text.decode_utf8
                0x000000000010fd78      0x13c C:/devkitPro/libctru/lib\libctru.a(decode_utf8.o)
                0x000000000010fd78                decode_utf8
 .text.utf8_to_utf16
                0x000000000010feb4       0xc0 C:/devkitPro/libctru/lib\libctru.a(utf8_to_utf16.o)
                0x000000000010feb4                utf8_to_utf16
 .text.__aeabi_read_tp
                0x000000000010ff74        0xc C:/devkitPro/libctru/lib\libctru.a(readtp.o)
                0x000000000010ff74                __aeabi_read_tp
 .text.encode_utf16
                0x000000000010ff80       0x54 C:/devkitPro/libctru/lib\libctru.a(encode_utf16.o)
                0x000000000010ff80                encode_utf16
 .text.encode_utf8
                0x000000000010ffd4       0xe0 C:/devkitPro/libctru/lib\libctru.a(encode_utf8.o)
                0x000000000010ffd4                encode_utf8
 .text.__udivmoddi4
                0x00000000001100b4      0x120 c:/devkitpro/devkitarm/bin/../lib/gcc/arm-none-eabi/12.1.0/armv6k/fpu\libgcc.a(_udivmoddi4.o)
                0x00000000001100b4                __udivmoddi4
 .text.bsearch  0x00000000001101d4       0x78 c:/devkitpro/devkitarm/bin/../lib/gcc/arm-none-eabi/12.1.0/../../../../arm-none-eabi/lib/armv6k/fpu\libg.a(lib_a-bsearch.o)
                0x00000000001101d4                bsearch
 .text.calloc   0x000000000011024c       0x20 c:/devkitpro/devkitarm/bin/../lib/gcc/arm-none-eabi/12.1.0/../../../../arm-none-eabi/lib/armv6k/fpu\libg.a(lib_a-calloc.o)
                0x000000000011024c                calloc
 .text._calloc_r
                0x000000000011026c       0xc0 c:/devkitpro/devkitarm/bin/../lib/gcc/arm-none-eabi/12.1.0/../../../../arm-none-eabi/lib/armv6k/fpu\libg.a(lib_a-callocr.o)
                0x000000000011026c                _calloc_r
 .text.__errno  0x000000000011032c        0xc c:/devkitpro/devkitarm/bin/../lib/gcc/arm-none-eabi/12.1.0/../../../../arm-none-eabi/lib/armv6k/fpu\libg.a(lib_a-errno.o)
                0x000000000011032c                __errno
 .text.exit     0x0000000000110338       0x34 c:/devkitpro/devkitarm/bin/../lib/gcc/arm-none-eabi/12.1.0/../../../../arm-none-eabi/lib/armv6k/fpu\libg.a(lib_a-exit.o)
                0x0000000000110338                exit
 .text.__sflush_r
                0x000000000011036c      0x234 c:/devkitpro/devkitarm/bin/../lib/gcc/arm-none-eabi/12.1.0/../../../../arm-none-eabi/lib/armv6k/fpu\libg.a(lib_a-fflush.o)
                0x000000000011036c                __sflush_r
 .text._fflush_r
                0x00000000001105a0       0x94 c:/devkitpro/devkitarm/bin/../lib/gcc/arm-none-eabi/12.1.0/../../../../arm-none-eabi/lib/armv6k/fpu\libg.a(lib_a-fflush.o)
                0x00000000001105a0                _fflush_r
 .text._cleanup_r
                0x0000000000110634        0xc c:/devkitpro/devkitarm/bin/../lib/gcc/arm-none-eabi/12.1.0/../../../../arm-none-eabi/lib/armv6k/fpu\libg.a(lib_a-findfp.o)
                0x0000000000110634                _cleanup_r
 .text.__sinit  0x0000000000110640      0x184 c:/devkitpro/devkitarm/bin/../lib/gcc/arm-none-eabi/12.1.0/../../../../arm-none-eabi/lib/armv6k/fpu\libg.a(lib_a-findfp.o)
                0x0000000000110640                __sinit
 .text.__sfp_lock_acquire
                0x00000000001107c4        0xc c:/devkitpro/devkitarm/bin/../lib/gcc/arm-none-eabi/12.1.0/../../../../arm-none-eabi/lib/armv6k/fpu\libg.a(lib_a-findfp.o)
                0x00000000001107c4                __sfp_lock_acquire
 .text.__sfp_lock_release
                0x00000000001107d0        0xc c:/devkitpro/devkitarm/bin/../lib/gcc/arm-none-eabi/12.1.0/../../../../arm-none-eabi/lib/armv6k/fpu\libg.a(lib_a-findfp.o)
                0x00000000001107d0                __sfp_lock_release
 .text.__libc_fini_array
                0x00000000001107dc       0x3c c:/devkitpro/devkitarm/bin/../lib/gcc/arm-none-eabi/12.1.0/../../../../arm-none-eabi/lib/armv6k/fpu\libg.a(lib_a-fini.o)
                0x00000000001107dc                __libc_fini_array
 .text._malloc_trim_r
                0x0000000000110818       0xf8 c:/devkitpro/devkitarm/bin/../lib/gcc/arm-none-eabi/12.1.0/../../../../arm-none-eabi/lib/armv6k/fpu\libg.a(lib_a-freer.o)
                0x0000000000110818                _malloc_trim_r
 .text._free_r  0x0000000000110910      0x2e8 c:/devkitpro/devkitarm/bin/../lib/gcc/arm-none-eabi/12.1.0/../../../../arm-none-eabi/lib/armv6k/fpu\libg.a(lib_a-freer.o)
                0x0000000000110910                _free_r
 .text._fwalk_reent
                0x0000000000110bf8       0x70 c:/devkitpro/devkitarm/bin/../lib/gcc/arm-none-eabi/12.1.0/../../../../arm-none-eabi/lib/armv6k/fpu\libg.a(lib_a-fwalk.o)
                0x0000000000110bf8                _fwalk_reent
 .text.__libc_init_array
                0x0000000000110c68       0x84 c:/devkitpro/devkitarm/bin/../lib/gcc/arm-none-eabi/12.1.0/../../../../arm-none-eabi/lib/armv6k/fpu\libg.a(lib_a-init.o)
                0x0000000000110c68                __libc_init_array
 .text.memalign
                0x0000000000110cec       0x20 c:/devkitpro/devkitarm/bin/../lib/gcc/arm-none-eabi/12.1.0/../../../../arm-none-eabi/lib/armv6k/fpu\libg.a(lib_a-malign.o)
                0x0000000000110cec                memalign
 .text._memalign_r
                0x0000000000110d0c      0x14c c:/devkitpro/devkitarm/bin/../lib/gcc/arm-none-eabi/12.1.0/../../../../arm-none-eabi/lib/armv6k/fpu\libg.a(lib_a-malignr.o)
                0x0000000000110d0c                _memalign_r
 .text.malloc   0x0000000000110e58       0x18 c:/devkitpro/devkitarm/bin/../lib/gcc/arm-none-eabi/12.1.0/../../../../arm-none-eabi/lib/armv6k/fpu\libg.a(lib_a-malloc.o)
                0x0000000000110e58                malloc
 .text.free     0x0000000000110e70       0x18 c:/devkitpro/devkitarm/bin/../lib/gcc/arm-none-eabi/12.1.0/../../../../arm-none-eabi/lib/armv6k/fpu\libg.a(lib_a-malloc.o)
                0x0000000000110e70                free
 .text._malloc_r
                0x0000000000110e88      0x7e4 c:/devkitpro/devkitarm/bin/../lib/gcc/arm-none-eabi/12.1.0/../../../../arm-none-eabi/lib/armv6k/fpu\libg.a(lib_a-mallocr.o)
                0x0000000000110e88                _malloc_r
 .text.memchr   0x000000000011166c       0xe4 c:/devkitpro/devkitarm/bin/../lib/gcc/arm-none-eabi/12.1.0/../../../../arm-none-eabi/lib/armv6k/fpu\libg.a(lib_a-memchr-stub.o)
                0x000000000011166c                memchr
 .text.memcpy   0x0000000000111750      0x118 c:/devkitpro/devkitarm/bin/../lib/gcc/arm-none-eabi/12.1.0/../../../../arm-none-eabi/lib/armv6k/fpu\libg.a(lib_a-memcpy-stub.o)
                0x0000000000111750                memcpy
 .text.memset   0x0000000000111868       0xf4 c:/devkitpro/devkitarm/bin/../lib/gcc/arm-none-eabi/12.1.0/../../../../arm-none-eabi/lib/armv6k/fpu\libg.a(lib_a-memset.o)
                0x0000000000111868                memset
 .text.__malloc_lock
                0x000000000011195c        0xc c:/devkitpro/devkitarm/bin/../lib/gcc/arm-none-eabi/12.1.0/../../../../arm-none-eabi/lib/armv6k/fpu\libg.a(lib_a-mlock.o)
                0x000000000011195c                __malloc_lock
 .text.__malloc_unlock
                0x0000000000111968        0xc c:/devkitpro/devkitarm/bin/../lib/gcc/arm-none-eabi/12.1.0/../../../../arm-none-eabi/lib/armv6k/fpu\libg.a(lib_a-mlock.o)
                0x0000000000111968                __malloc_unlock
 .text.printf   0x0000000000111974       0x34 c:/devkitpro/devkitarm/bin/../lib/gcc/arm-none-eabi/12.1.0/../../../../arm-none-eabi/lib/armv6k/fpu\libg.a(lib_a-printf.o)
                0x0000000000111974                printf
 .text.setvbuf  0x00000000001119a8      0x25c c:/devkitpro/devkitarm/bin/../lib/gcc/arm-none-eabi/12.1.0/../../../../arm-none-eabi/lib/armv6k/fpu\libg.a(lib_a-setvbuf.o)
                0x00000000001119a8                setvbuf
 .text.sscanf   0x0000000000111c04       0x74 c:/devkitpro/devkitarm/bin/../lib/gcc/arm-none-eabi/12.1.0/../../../../arm-none-eabi/lib/armv6k/fpu\libg.a(lib_a-sscanf.o)
                0x0000000000111c04                sscanf
 .text.__sread  0x0000000000111c78       0x44 c:/devkitpro/devkitarm/bin/../lib/gcc/arm-none-eabi/12.1.0/../../../../arm-none-eabi/lib/armv6k/fpu\libg.a(lib_a-stdio.o)
                0x0000000000111c78                __sread
 .text.__seofread
                0x0000000000111cbc        0x8 c:/devkitpro/devkitarm/bin/../lib/gcc/arm-none-eabi/12.1.0/../../../../arm-none-eabi/lib/armv6k/fpu\libg.a(lib_a-stdio.o)
                0x0000000000111cbc                __seofread
 .text.__swrite
                0x0000000000111cc4       0x68 c:/devkitpro/devkitarm/bin/../lib/gcc/arm-none-eabi/12.1.0/../../../../arm-none-eabi/lib/armv6k/fpu\libg.a(lib_a-stdio.o)
                0x0000000000111cc4                __swrite
 .text.__sseek  0x0000000000111d2c       0x44 c:/devkitpro/devkitarm/bin/../lib/gcc/arm-none-eabi/12.1.0/../../../../arm-none-eabi/lib/armv6k/fpu\libg.a(lib_a-stdio.o)
                0x0000000000111d2c                __sseek
 .text.__sclose
                0x0000000000111d70        0x8 c:/devkitpro/devkitarm/bin/../lib/gcc/arm-none-eabi/12.1.0/../../../../arm-none-eabi/lib/armv6k/fpu\libg.a(lib_a-stdio.o)
                0x0000000000111d70                __sclose
 .text.strlen   0x0000000000111d78       0x5c c:/devkitpro/devkitarm/bin/../lib/gcc/arm-none-eabi/12.1.0/../../../../arm-none-eabi/lib/armv6k/fpu\libg.a(lib_a-strlen-stub.o)
                0x0000000000111d78                strlen
 .text.strncat  0x0000000000111dd4       0xe4 c:/devkitpro/devkitarm/bin/../lib/gcc/arm-none-eabi/12.1.0/../../../../arm-none-eabi/lib/armv6k/fpu\libg.a(lib_a-strncat.o)
                0x0000000000111dd4                strncat
 .text.strncmp  0x0000000000111eb8       0xe4 c:/devkitpro/devkitarm/bin/../lib/gcc/arm-none-eabi/12.1.0/../../../../arm-none-eabi/lib/armv6k/fpu\libg.a(lib_a-strncmp.o)
                0x0000000000111eb8                strncmp
 .text.strncpy  0x0000000000111f9c       0xc4 c:/devkitpro/devkitarm/bin/../lib/gcc/arm-none-eabi/12.1.0/../../../../arm-none-eabi/lib/armv6k/fpu\libg.a(lib_a-strncpy.o)
                0x0000000000111f9c                strncpy
 .text.strnlen  0x0000000000112060       0x48 c:/devkitpro/devkitarm/bin/../lib/gcc/arm-none-eabi/12.1.0/../../../../arm-none-eabi/lib/armv6k/fpu\libg.a(lib_a-strnlen.o)
                0x0000000000112060                strnlen
 .text._strtoul_l.constprop.0
                0x00000000001120a8      0x1c4 c:/devkitpro/devkitarm/bin/../lib/gcc/arm-none-eabi/12.1.0/../../../../arm-none-eabi/lib/armv6k/fpu\libg.a(lib_a-strtoul.o)
 .text._strtoul_r
                0x000000000011226c        0x4 c:/devkitpro/devkitarm/bin/../lib/gcc/arm-none-eabi/12.1.0/../../../../arm-none-eabi/lib/armv6k/fpu\libg.a(lib_a-strtoul.o)
                0x000000000011226c                _strtoul_r
 .text.strtoul  0x0000000000112270       0x28 c:/devkitpro/devkitarm/bin/../lib/gcc/arm-none-eabi/12.1.0/../../../../arm-none-eabi/lib/armv6k/fpu\libg.a(lib_a-strtoul.o)
                0x0000000000112270                strtoul
 .text.get_arg  0x0000000000112298       0x50 c:/devkitpro/devkitarm/bin/../lib/gcc/arm-none-eabi/12.1.0/../../../../arm-none-eabi/lib/armv6k/fpu\libg.a(lib_a-svfscanf.o)
 .text.__ssvfscanf_r
                0x00000000001122e8     0x2c38 c:/devkitpro/devkitarm/bin/../lib/gcc/arm-none-eabi/12.1.0/../../../../arm-none-eabi/lib/armv6k/fpu\libg.a(lib_a-svfscanf.o)
                0x00000000001122e8                __ssvfscanf_r
 .text.get_arg  0x0000000000114f20      0x66c c:/devkitpro/devkitarm/bin/../lib/gcc/arm-none-eabi/12.1.0/../../../../arm-none-eabi/lib/armv6k/fpu\libg.a(lib_a-vfprintf.o)
 *fill*         0x000000000011558c        0x4 
 .text._vfprintf_r
                0x0000000000115590     0x339c c:/devkitpro/devkitarm/bin/../lib/gcc/arm-none-eabi/12.1.0/../../../../arm-none-eabi/lib/armv6k/fpu\libg.a(lib_a-vfprintf.o)
                0x0000000000115590                _vfprintf_r
 .text.__sbprintf
                0x000000000011892c       0xd0 c:/devkitpro/devkitarm/bin/../lib/gcc/arm-none-eabi/12.1.0/../../../../arm-none-eabi/lib/armv6k/fpu\libg.a(lib_a-vfprintf.o)
 .text._wcrtomb_r
                0x00000000001189fc       0x54 c:/devkitpro/devkitarm/bin/../lib/gcc/arm-none-eabi/12.1.0/../../../../arm-none-eabi/lib/armv6k/fpu\libg.a(lib_a-wcrtomb.o)
                0x00000000001189fc                _wcrtomb_r
 .text._wcsrtombs_r
                0x0000000000118a50       0x28 c:/devkitpro/devkitarm/bin/../lib/gcc/arm-none-eabi/12.1.0/../../../../arm-none-eabi/lib/armv6k/fpu\libg.a(lib_a-wcsrtombs.o)
                0x0000000000118a50                _wcsrtombs_r
 .text.__swsetup_r
                0x0000000000118a78      0x13c c:/devkitpro/devkitarm/bin/../lib/gcc/arm-none-eabi/12.1.0/../../../../arm-none-eabi/lib/armv6k/fpu\libg.a(lib_a-wsetup.o)
                0x0000000000118a78                __swsetup_r
 .text.__call_exitprocs
                0x0000000000118bb4      0x114 c:/devkitpro/devkitarm/bin/../lib/gcc/arm-none-eabi/12.1.0/../../../../arm-none-eabi/lib/armv6k/fpu\libg.a(lib_a-__call_atexit.o)
                0x0000000000118bb4                __call_exitprocs
 .text.quorem   0x0000000000118cc8      0x1b0 c:/devkitpro/devkitarm/bin/../lib/gcc/arm-none-eabi/12.1.0/../../../../arm-none-eabi/lib/armv6k/fpu\libg.a(lib_a-dtoa.o)
 .text._dtoa_r  0x0000000000118e78     0x11f8 c:/devkitpro/devkitarm/bin/../lib/gcc/arm-none-eabi/12.1.0/../../../../arm-none-eabi/lib/armv6k/fpu\libg.a(lib_a-dtoa.o)
                0x0000000000118e78                _dtoa_r
 .text._fclose_r
                0x000000000011a070      0x15c c:/devkitpro/devkitarm/bin/../lib/gcc/arm-none-eabi/12.1.0/../../../../arm-none-eabi/lib/armv6k/fpu\libg.a(lib_a-fclose.o)
                0x000000000011a070                _fclose_r
 .text.iswspace
                0x000000000011a1cc        0x8 c:/devkitpro/devkitarm/bin/../lib/gcc/arm-none-eabi/12.1.0/../../../../arm-none-eabi/lib/armv6k/fpu\libg.a(lib_a-iswspace.o)
                0x000000000011a1cc                iswspace
 .text._localeconv_r
                0x000000000011a1d4        0xc c:/devkitpro/devkitarm/bin/../lib/gcc/arm-none-eabi/12.1.0/../../../../arm-none-eabi/lib/armv6k/fpu\libg.a(lib_a-localeconv.o)
                0x000000000011a1d4                _localeconv_r
 .text.__locale_mb_cur_max
                0x000000000011a1e0       0x10 c:/devkitpro/devkitarm/bin/../lib/gcc/arm-none-eabi/12.1.0/../../../../arm-none-eabi/lib/armv6k/fpu\libg.a(lib_a-locale.o)
                0x000000000011a1e0                __locale_mb_cur_max
 .text.__smakebuf_r
                0x000000000011a1f0      0x138 c:/devkitpro/devkitarm/bin/../lib/gcc/arm-none-eabi/12.1.0/../../../../arm-none-eabi/lib/armv6k/fpu\libg.a(lib_a-makebuf.o)
                0x000000000011a1f0                __smakebuf_r
 .text.__swhatbuf_r
                0x000000000011a328       0x8c c:/devkitpro/devkitarm/bin/../lib/gcc/arm-none-eabi/12.1.0/../../../../arm-none-eabi/lib/armv6k/fpu\libg.a(lib_a-makebuf.o)
                0x000000000011a328                __swhatbuf_r
 .text._mbrtowc_r
                0x000000000011a3b4       0x68 c:/devkitpro/devkitarm/bin/../lib/gcc/arm-none-eabi/12.1.0/../../../../arm-none-eabi/lib/armv6k/fpu\libg.a(lib_a-mbrtowc.o)
                0x000000000011a3b4                _mbrtowc_r
 .text.__utf8_mbtowc
                0x000000000011a41c      0x2f8 c:/devkitpro/devkitarm/bin/../lib/gcc/arm-none-eabi/12.1.0/../../../../arm-none-eabi/lib/armv6k/fpu\libg.a(lib_a-mbtowc_r.o)
                0x000000000011a41c                __utf8_mbtowc
 .text._Balloc  0x000000000011a714       0x88 c:/devkitpro/devkitarm/bin/../lib/gcc/arm-none-eabi/12.1.0/../../../../arm-none-eabi/lib/armv6k/fpu\libg.a(lib_a-mprec.o)
                0x000000000011a714                _Balloc
 .text._Bfree   0x000000000011a79c       0x1c c:/devkitpro/devkitarm/bin/../lib/gcc/arm-none-eabi/12.1.0/../../../../arm-none-eabi/lib/armv6k/fpu\libg.a(lib_a-mprec.o)
                0x000000000011a79c                _Bfree
 .text.__multadd
                0x000000000011a7b8       0xf4 c:/devkitpro/devkitarm/bin/../lib/gcc/arm-none-eabi/12.1.0/../../../../arm-none-eabi/lib/armv6k/fpu\libg.a(lib_a-mprec.o)
                0x000000000011a7b8                __multadd
 .text.__s2b    0x000000000011a8ac      0x110 c:/devkitpro/devkitarm/bin/../lib/gcc/arm-none-eabi/12.1.0/../../../../arm-none-eabi/lib/armv6k/fpu\libg.a(lib_a-mprec.o)
                0x000000000011a8ac                __s2b
 .text.__hi0bits
                0x000000000011a9bc       0x60 c:/devkitpro/devkitarm/bin/../lib/gcc/arm-none-eabi/12.1.0/../../../../arm-none-eabi/lib/armv6k/fpu\libg.a(lib_a-mprec.o)
                0x000000000011a9bc                __hi0bits
 .text.__lo0bits
                0x000000000011aa1c       0x9c c:/devkitpro/devkitarm/bin/../lib/gcc/arm-none-eabi/12.1.0/../../../../arm-none-eabi/lib/armv6k/fpu\libg.a(lib_a-mprec.o)
                0x000000000011aa1c                __lo0bits
 .text.__i2b    0x000000000011aab8       0xa8 c:/devkitpro/devkitarm/bin/../lib/gcc/arm-none-eabi/12.1.0/../../../../arm-none-eabi/lib/armv6k/fpu\libg.a(lib_a-mprec.o)
                0x000000000011aab8                __i2b
 .text.__multiply
                0x000000000011ab60      0x204 c:/devkitpro/devkitarm/bin/../lib/gcc/arm-none-eabi/12.1.0/../../../../arm-none-eabi/lib/armv6k/fpu\libg.a(lib_a-mprec.o)
                0x000000000011ab60                __multiply
 .text.__pow5mult
                0x000000000011ad64      0x124 c:/devkitpro/devkitarm/bin/../lib/gcc/arm-none-eabi/12.1.0/../../../../arm-none-eabi/lib/armv6k/fpu\libg.a(lib_a-mprec.o)
                0x000000000011ad64                __pow5mult
 .text.__lshift
                0x000000000011ae88      0x140 c:/devkitpro/devkitarm/bin/../lib/gcc/arm-none-eabi/12.1.0/../../../../arm-none-eabi/lib/armv6k/fpu\libg.a(lib_a-mprec.o)
                0x000000000011ae88                __lshift
 .text.__mcmp   0x000000000011afc8       0x58 c:/devkitpro/devkitarm/bin/../lib/gcc/arm-none-eabi/12.1.0/../../../../arm-none-eabi/lib/armv6k/fpu\libg.a(lib_a-mprec.o)
                0x000000000011afc8                __mcmp
 .text.__mdiff  0x000000000011b020      0x1ec c:/devkitpro/devkitarm/bin/../lib/gcc/arm-none-eabi/12.1.0/../../../../arm-none-eabi/lib/armv6k/fpu\libg.a(lib_a-mprec.o)
                0x000000000011b020                __mdiff
 .text.__ulp    0x000000000011b20c       0x68 c:/devkitpro/devkitarm/bin/../lib/gcc/arm-none-eabi/12.1.0/../../../../arm-none-eabi/lib/armv6k/fpu\libg.a(lib_a-mprec.o)
                0x000000000011b20c                __ulp
 .text.__b2d    0x000000000011b274       0xd0 c:/devkitpro/devkitarm/bin/../lib/gcc/arm-none-eabi/12.1.0/../../../../arm-none-eabi/lib/armv6k/fpu\libg.a(lib_a-mprec.o)
                0x000000000011b274                __b2d
 .text.__d2b    0x000000000011b344      0x120 c:/devkitpro/devkitarm/bin/../lib/gcc/arm-none-eabi/12.1.0/../../../../arm-none-eabi/lib/armv6k/fpu\libg.a(lib_a-mprec.o)
                0x000000000011b344                __d2b
 .text.__ratio  0x000000000011b464       0x78 c:/devkitpro/devkitarm/bin/../lib/gcc/arm-none-eabi/12.1.0/../../../../arm-none-eabi/lib/armv6k/fpu\libg.a(lib_a-mprec.o)
                0x000000000011b464                __ratio
 .text.__copybits
                0x000000000011b4dc       0x88 c:/devkitpro/devkitarm/bin/../lib/gcc/arm-none-eabi/12.1.0/../../../../arm-none-eabi/lib/armv6k/fpu\libg.a(lib_a-mprec.o)
                0x000000000011b4dc                __copybits
 .text.__any_on
                0x000000000011b564       0x5c c:/devkitpro/devkitarm/bin/../lib/gcc/arm-none-eabi/12.1.0/../../../../arm-none-eabi/lib/armv6k/fpu\libg.a(lib_a-mprec.o)
                0x000000000011b564                __any_on
 .text.realloc  0x000000000011b5c0       0x20 c:/devkitpro/devkitarm/bin/../lib/gcc/arm-none-eabi/12.1.0/../../../../arm-none-eabi/lib/armv6k/fpu\libg.a(lib_a-realloc.o)
                0x000000000011b5c0                realloc
 .text._realloc_r
                0x000000000011b5e0      0x4a0 c:/devkitpro/devkitarm/bin/../lib/gcc/arm-none-eabi/12.1.0/../../../../arm-none-eabi/lib/armv6k/fpu\libg.a(lib_a-reallocr.o)
                0x000000000011b5e0                _realloc_r
 .text.__sccl   0x000000000011ba80       0xf4 c:/devkitpro/devkitarm/bin/../lib/gcc/arm-none-eabi/12.1.0/../../../../arm-none-eabi/lib/armv6k/fpu\libg.a(lib_a-sccl.o)
                0x000000000011ba80                __sccl
 .text.nanf     0x000000000011bb74        0xc c:/devkitpro/devkitarm/bin/../lib/gcc/arm-none-eabi/12.1.0/../../../../arm-none-eabi/lib/armv6k/fpu\libg.a(lib_a-sf_nan.o)
                0x000000000011bb74                nanf
 .text.frexp    0x000000000011bb80       0x88 c:/devkitpro/devkitarm/bin/../lib/gcc/arm-none-eabi/12.1.0/../../../../arm-none-eabi/lib/armv6k/fpu\libg.a(lib_a-s_frexp.o)
                0x000000000011bb80                frexp
 .text.sprintf  0x000000000011bc08       0x64 c:/devkitpro/devkitarm/bin/../lib/gcc/arm-none-eabi/12.1.0/../../../../arm-none-eabi/lib/armv6k/fpu\libg.a(lib_a-sprintf.o)
                0x000000000011bc08                sprintf
 .text.stpncpy  0x000000000011bc6c       0xcc c:/devkitpro/devkitarm/bin/../lib/gcc/arm-none-eabi/12.1.0/../../../../arm-none-eabi/lib/armv6k/fpu\libg.a(lib_a-stpncpy.o)
                0x000000000011bc6c                stpncpy
 .text.strchr   0x000000000011bd38      0x130 c:/devkitpro/devkitarm/bin/../lib/gcc/arm-none-eabi/12.1.0/../../../../arm-none-eabi/lib/armv6k/fpu\libg.a(lib_a-strchr.o)
                0x000000000011bd38                strchr
 .text.sulp     0x000000000011be68       0x64 c:/devkitpro/devkitarm/bin/../lib/gcc/arm-none-eabi/12.1.0/../../../../arm-none-eabi/lib/armv6k/fpu\libg.a(lib_a-strtod.o)
 *fill*         0x000000000011becc        0x4 
 .text._strtod_l
                0x000000000011bed0     0x13a8 c:/devkitpro/devkitarm/bin/../lib/gcc/arm-none-eabi/12.1.0/../../../../arm-none-eabi/lib/armv6k/fpu\libg.a(lib_a-strtod.o)
                0x000000000011bed0                _strtod_l
 .text._strtod_r
                0x000000000011d278        0xc c:/devkitpro/devkitarm/bin/../lib/gcc/arm-none-eabi/12.1.0/../../../../arm-none-eabi/lib/armv6k/fpu\libg.a(lib_a-strtod.o)
                0x000000000011d278                _strtod_r
 .text._strtoll_l.constprop.0
                0x000000000011d284      0x22c c:/devkitpro/devkitarm/bin/../lib/gcc/arm-none-eabi/12.1.0/../../../../arm-none-eabi/lib/armv6k/fpu\libg.a(lib_a-strtoll.o)
 .text._strtoll_r
                0x000000000011d4b0        0x4 c:/devkitpro/devkitarm/bin/../lib/gcc/arm-none-eabi/12.1.0/../../../../arm-none-eabi/lib/armv6k/fpu\libg.a(lib_a-strtoll.o)
                0x000000000011d4b0                _strtoll_r
 .text._strtol_l.part.0
                0x000000000011d4b4      0x1a4 c:/devkitpro/devkitarm/bin/../lib/gcc/arm-none-eabi/12.1.0/../../../../arm-none-eabi/lib/armv6k/fpu\libg.a(lib_a-strtol.o)
 .text._strtol_r
                0x000000000011d658       0x3c c:/devkitpro/devkitarm/bin/../lib/gcc/arm-none-eabi/12.1.0/../../../../arm-none-eabi/lib/armv6k/fpu\libg.a(lib_a-strtol.o)
                0x000000000011d658                _strtol_r
 .text._strtoull_l.constprop.0
                0x000000000011d694      0x244 c:/devkitpro/devkitarm/bin/../lib/gcc/arm-none-eabi/12.1.0/../../../../arm-none-eabi/lib/armv6k/fpu\libg.a(lib_a-strtoull.o)
 .text._strtoull_r
                0x000000000011d8d8        0x4 c:/devkitpro/devkitarm/bin/../lib/gcc/arm-none-eabi/12.1.0/../../../../arm-none-eabi/lib/armv6k/fpu\libg.a(lib_a-strtoull.o)
                0x000000000011d8d8                _strtoull_r
 .text.__ssprint_r
                0x000000000011d8dc      0x188 c:/devkitpro/devkitarm/bin/../lib/gcc/arm-none-eabi/12.1.0/../../../../arm-none-eabi/lib/armv6k/fpu\libg.a(lib_a-svfiprintf.o)
                0x000000000011d8dc                __ssprint_r
 .text._sungetc_r
                0x000000000011da64       0xd4 c:/devkitpro/devkitarm/bin/../lib/gcc/arm-none-eabi/12.1.0/../../../../arm-none-eabi/lib/armv6k/fpu\libg.a(lib_a-svfiscanf.o)
                0x000000000011da64                _sungetc_r
 .text.__ssrefill_r
                0x000000000011db38       0x6c c:/devkitpro/devkitarm/bin/../lib/gcc/arm-none-eabi/12.1.0/../../../../arm-none-eabi/lib/armv6k/fpu\libg.a(lib_a-svfiscanf.o)
                0x000000000011db38                __ssrefill_r
 .text._sfread_r
                0x000000000011dba4       0xc4 c:/devkitpro/devkitarm/bin/../lib/gcc/arm-none-eabi/12.1.0/../../../../arm-none-eabi/lib/armv6k/fpu\libg.a(lib_a-svfiscanf.o)
                0x000000000011dba4                _sfread_r
 .text.get_arg  0x000000000011dc68      0x66c c:/devkitpro/devkitarm/bin/../lib/gcc/arm-none-eabi/12.1.0/../../../../arm-none-eabi/lib/armv6k/fpu\libg.a(lib_a-svfprintf.o)
 *fill*         0x000000000011e2d4        0x4 
 .text._svfprintf_r
                0x000000000011e2d8     0x3334 c:/devkitpro/devkitarm/bin/../lib/gcc/arm-none-eabi/12.1.0/../../../../arm-none-eabi/lib/armv6k/fpu\libg.a(lib_a-svfprintf.o)
                0x000000000011e2d8                _svfprintf_r
 .text.__submore
                0x000000000012160c       0xa8 c:/devkitpro/devkitarm/bin/../lib/gcc/arm-none-eabi/12.1.0/../../../../arm-none-eabi/lib/armv6k/fpu\libg.a(lib_a-ungetc.o)
                0x000000000012160c                __submore
 .text.get_arg  0x00000000001216b4      0x66c c:/devkitpro/devkitarm/bin/../lib/gcc/arm-none-eabi/12.1.0/../../../../arm-none-eabi/lib/armv6k/fpu\libg.a(lib_a-vfiprintf.o)
 .text.__sprint_r
                0x0000000000121d20       0x30 c:/devkitpro/devkitarm/bin/../lib/gcc/arm-none-eabi/12.1.0/../../../../arm-none-eabi/lib/armv6k/fpu\libg.a(lib_a-vfiprintf.o)
                0x0000000000121d20                __sprint_r
 .text._vfiprintf_r
                0x0000000000121d50     0x22ec c:/devkitpro/devkitarm/bin/../lib/gcc/arm-none-eabi/12.1.0/../../../../arm-none-eabi/lib/armv6k/fpu\libg.a(lib_a-vfiprintf.o)
                0x0000000000121d50                _vfiprintf_r
 .text.__sbprintf
                0x000000000012403c       0xd0 c:/devkitpro/devkitarm/bin/../lib/gcc/arm-none-eabi/12.1.0/../../../../arm-none-eabi/lib/armv6k/fpu\libg.a(lib_a-vfiprintf.o)
 .text._wcsnrtombs_l
                0x000000000012410c      0x188 c:/devkitpro/devkitarm/bin/../lib/gcc/arm-none-eabi/12.1.0/../../../../arm-none-eabi/lib/armv6k/fpu\libg.a(lib_a-wcsnrtombs.o)
                0x000000000012410c                _wcsnrtombs_l
 .text._wcsnrtombs_r
                0x0000000000124294       0x4c c:/devkitpro/devkitarm/bin/../lib/gcc/arm-none-eabi/12.1.0/../../../../arm-none-eabi/lib/armv6k/fpu\libg.a(lib_a-wcsnrtombs.o)
                0x0000000000124294                _wcsnrtombs_r
 .text.__utf8_wctomb
                0x00000000001242e0       0xf0 c:/devkitpro/devkitarm/bin/../lib/gcc/arm-none-eabi/12.1.0/../../../../arm-none-eabi/lib/armv6k/fpu\libg.a(lib_a-wctomb_r.o)
                0x00000000001242e0                __utf8_wctomb
 .text.__assert_func
                0x00000000001243d0       0x5c c:/devkitpro/devkitarm/bin/../lib/gcc/arm-none-eabi/12.1.0/../../../../arm-none-eabi/lib/armv6k/fpu\libg.a(lib_a-assert.o)
                0x00000000001243d0                __assert_func
 .text.fiprintf
                0x000000000012442c       0x3c c:/devkitpro/devkitarm/bin/../lib/gcc/arm-none-eabi/12.1.0/../../../../arm-none-eabi/lib/armv6k/fpu\libg.a(lib_a-fiprintf.o)
                0x000000000012442c                fiprintf
 .text.__sfvwrite_r
                0x0000000000124468      0x4b4 c:/devkitpro/devkitarm/bin/../lib/gcc/arm-none-eabi/12.1.0/../../../../arm-none-eabi/lib/armv6k/fpu\libg.a(lib_a-fvwrite.o)
                0x0000000000124468                __sfvwrite_r
 .text.rshift   0x000000000012491c       0xf0 c:/devkitpro/devkitarm/bin/../lib/gcc/arm-none-eabi/12.1.0/../../../../arm-none-eabi/lib/armv6k/fpu\libg.a(lib_a-gdtoa-gethex.o)
 .text.__gethex
                0x0000000000124a0c      0x814 c:/devkitpro/devkitarm/bin/../lib/gcc/arm-none-eabi/12.1.0/../../../../arm-none-eabi/lib/armv6k/fpu\libg.a(lib_a-gdtoa-gethex.o)
                0x0000000000124a0c                __gethex
 .text.__match  0x0000000000125220       0x4c c:/devkitpro/devkitarm/bin/../lib/gcc/arm-none-eabi/12.1.0/../../../../arm-none-eabi/lib/armv6k/fpu\libg.a(lib_a-gdtoa-hexnan.o)
                0x0000000000125220                __match
 .text.__hexnan
                0x000000000012526c      0x29c c:/devkitpro/devkitarm/bin/../lib/gcc/arm-none-eabi/12.1.0/../../../../arm-none-eabi/lib/armv6k/fpu\libg.a(lib_a-gdtoa-hexnan.o)
                0x000000000012526c                __hexnan
 .text.iswspace_l
                0x0000000000125508       0x3c c:/devkitpro/devkitarm/bin/../lib/gcc/arm-none-eabi/12.1.0/../../../../arm-none-eabi/lib/armv6k/fpu\libg.a(lib_a-iswspace_l.o)
                0x0000000000125508                iswspace_l
 .text.__jp2uc  0x0000000000125544      0x1d8 c:/devkitpro/devkitarm/bin/../lib/gcc/arm-none-eabi/12.1.0/../../../../arm-none-eabi/lib/armv6k/fpu\libg.a(lib_a-jp2uc.o)
 .text._jp2uc_l
                0x000000000012571c       0x9c c:/devkitpro/devkitarm/bin/../lib/gcc/arm-none-eabi/12.1.0/../../../../arm-none-eabi/lib/armv6k/fpu\libg.a(lib_a-jp2uc.o)
                0x000000000012571c                _jp2uc_l
 .text.memmove  0x00000000001257b8      0x150 c:/devkitpro/devkitarm/bin/../lib/gcc/arm-none-eabi/12.1.0/../../../../arm-none-eabi/lib/armv6k/fpu\libg.a(lib_a-memmove.o)
                0x00000000001257b8                memmove
 .text.nan      0x0000000000125908       0x10 c:/devkitpro/devkitarm/bin/../lib/gcc/arm-none-eabi/12.1.0/../../../../arm-none-eabi/lib/armv6k/fpu\libg.a(lib_a-s_nan.o)
                0x0000000000125908                nan
 .text.abort    0x0000000000125918       0x14 c:/devkitpro/devkitarm/bin/../lib/gcc/arm-none-eabi/12.1.0/../../../../arm-none-eabi/lib/armv6k/fpu\libg.a(lib_a-abort.o)
                0x0000000000125918                abort
 .text.category
                0x000000000012592c       0x8c c:/devkitpro/devkitarm/bin/../lib/gcc/arm-none-eabi/12.1.0/../../../../arm-none-eabi/lib/armv6k/fpu\libg.a(lib_a-categories.o)
                0x000000000012592c                category
 .text._raise_r
                0x00000000001259b8       0x90 c:/devkitpro/devkitarm/bin/../lib/gcc/arm-none-eabi/12.1.0/../../../../arm-none-eabi/lib/armv6k/fpu\libg.a(lib_a-signal.o)
                0x00000000001259b8                _raise_r
 .text.raise    0x0000000000125a48       0x18 c:/devkitpro/devkitarm/bin/../lib/gcc/arm-none-eabi/12.1.0/../../../../arm-none-eabi/lib/armv6k/fpu\libg.a(lib_a-signal.o)
                0x0000000000125a48                raise
 .text.null_write
                0x0000000000125a60        0x8 c:/devkitpro/devkitarm/bin/../lib/gcc/arm-none-eabi/12.1.0/../../../../arm-none-eabi/lib/armv6k/fpu\libsysbase.a(iosupport.o)
 .text.setDefaultDevice
                0x0000000000125a68       0x18 c:/devkitpro/devkitarm/bin/../lib/gcc/arm-none-eabi/12.1.0/../../../../arm-none-eabi/lib/armv6k/fpu\libsysbase.a(iosupport.o)
                0x0000000000125a68                setDefaultDevice
 .text.FindDevice
                0x0000000000125a80       0xc8 c:/devkitpro/devkitarm/bin/../lib/gcc/arm-none-eabi/12.1.0/../../../../arm-none-eabi/lib/armv6k/fpu\libsysbase.a(iosupport.o)
                0x0000000000125a80                FindDevice
 .text.RemoveDevice
                0x0000000000125b48       0x28 c:/devkitpro/devkitarm/bin/../lib/gcc/arm-none-eabi/12.1.0/../../../../arm-none-eabi/lib/armv6k/fpu\libsysbase.a(iosupport.o)
                0x0000000000125b48                RemoveDevice
 .text.AddDevice
                0x0000000000125b70       0x9c c:/devkitpro/devkitarm/bin/../lib/gcc/arm-none-eabi/12.1.0/../../../../arm-none-eabi/lib/armv6k/fpu\libsysbase.a(iosupport.o)
                0x0000000000125b70                AddDevice
 .text.GetDeviceOpTab
                0x0000000000125c0c       0x20 c:/devkitpro/devkitarm/bin/../lib/gcc/arm-none-eabi/12.1.0/../../../../arm-none-eabi/lib/armv6k/fpu\libsysbase.a(iosupport.o)
                0x0000000000125c0c                GetDeviceOpTab
 .text._fstat_r